Archive member included to satisfy reference by file (symbol)

/home/rene/tools/msp430-gcc/bin/../lib/gcc/msp430-elf/9.3.1/430/libgcc.a(lib2divSI.o)
                              external/printf/printf.o (__mspabi_divul)
/home/rene/tools/msp430-gcc/bin/../lib/gcc/msp430-elf/9.3.1/430/libgcc.a(epilogue.o)
                              external/printf/printf.o (__mspabi_func_epilog_7)
/home/rene/tools/msp430-gcc/bin/../lib/gcc/msp430-elf/9.3.1/430/libgcc.a(slli.o)
                              build/obj/drivers/io.o (__mspabi_slli)
/home/rene/tools/msp430-gcc/bin/../lib/gcc/msp430-elf/9.3.1/430/libgcc.a(srai.o)
                              build/obj/drivers/pwm.o (__mspabi_srai_15)
/home/rene/tools/msp430-gcc/bin/../lib/gcc/msp430-elf/9.3.1/430/libgcc.a(srli.o)
                              build/obj/drivers/io.o (__mspabi_srli_15)
/home/rene/tools/msp430-gcc/bin/../lib/gcc/msp430-elf/9.3.1/430/libgcc.a(_udivdi3.o)
                              /home/rene/tools/msp430-gcc/bin/../lib/gcc/msp430-elf/9.3.1/430/libgcc.a(lib2divSI.o) (__mspabi_divull)
/home/rene/tools/msp430-gcc/bin/../lib/gcc/msp430-elf/9.3.1/430/libgcc.a(_clzdi2.o)
                              /home/rene/tools/msp430-gcc/bin/../lib/gcc/msp430-elf/9.3.1/430/libgcc.a(_udivdi3.o) (__clzdi2)
/home/rene/tools/msp430-gcc/bin/../lib/gcc/msp430-elf/9.3.1/430/libgcc.a(_clz.o)
                              /home/rene/tools/msp430-gcc/bin/../lib/gcc/msp430-elf/9.3.1/430/libgcc.a(_clzdi2.o) (__clz_tab)
/home/rene/tools/msp430-gcc/bin/../lib/gcc/msp430-elf/9.3.1/430/libmul_none.a(mpy.o)
                              build/obj/common/ring_buffer.o (__mspabi_mpyi)
/home/rene/tools/msp430-gcc/bin/../lib/gcc/msp430-elf/9.3.1/../../../../msp430-elf/lib/430/libc.a(lib_a-memcpy.o)
                              build/obj/common/ring_buffer.o (memcpy)
/home/rene/tools/msp430-gcc/bin/../lib/gcc/msp430-elf/9.3.1/../../../../msp430-elf/lib/430/libcrt.a(crt_bss.o)
                              build/obj/drivers/io.o (__crt0_init_bss)
/home/rene/tools/msp430-gcc/bin/../lib/gcc/msp430-elf/9.3.1/../../../../msp430-elf/lib/430/libcrt.a(crt_movedata.o)
                              build/obj/drivers/ir_remote_ta1.o (__crt0_movedata)
/home/rene/tools/msp430-gcc/bin/../lib/gcc/msp430-elf/9.3.1/../../../../msp430-elf/lib/430/libcrt.a(crt_main.o)
                              /home/rene/tools/msp430-gcc/bin/../lib/gcc/msp430-elf/9.3.1/../../../../msp430-elf/lib/430/crt0.o (__crt0_call_main)
/home/rene/tools/msp430-gcc/bin/../lib/gcc/msp430-elf/9.3.1/../../../../msp430-elf/lib/430/libc.a(lib_a-memmove.o)
                              /home/rene/tools/msp430-gcc/bin/../lib/gcc/msp430-elf/9.3.1/../../../../msp430-elf/lib/430/libcrt.a(crt_movedata.o) (memmove)
/home/rene/tools/msp430-gcc/bin/../lib/gcc/msp430-elf/9.3.1/../../../../msp430-elf/lib/430/libc.a(lib_a-memset.o)
                              /home/rene/tools/msp430-gcc/bin/../lib/gcc/msp430-elf/9.3.1/../../../../msp430-elf/lib/430/libcrt.a(crt_bss.o) (memset)

Discarded input sections

 .text          0x0000000000000000        0x0 /home/rene/tools/msp430-gcc/bin/../lib/gcc/msp430-elf/9.3.1/../../../../msp430-elf/lib/430/crt0.o
 .data          0x0000000000000000        0x0 /home/rene/tools/msp430-gcc/bin/../lib/gcc/msp430-elf/9.3.1/../../../../msp430-elf/lib/430/crt0.o
 .bss           0x0000000000000000        0x0 /home/rene/tools/msp430-gcc/bin/../lib/gcc/msp430-elf/9.3.1/../../../../msp430-elf/lib/430/crt0.o
 .text          0x0000000000000000        0x0 /home/rene/tools/msp430-gcc/bin/../lib/gcc/msp430-elf/9.3.1/430/crtbegin_no_eh.o
 .data          0x0000000000000000        0x0 /home/rene/tools/msp430-gcc/bin/../lib/gcc/msp430-elf/9.3.1/430/crtbegin_no_eh.o
 .bss           0x0000000000000000        0x0 /home/rene/tools/msp430-gcc/bin/../lib/gcc/msp430-elf/9.3.1/430/crtbegin_no_eh.o
 .comment       0x0000000000000000       0x3a /home/rene/tools/msp430-gcc/bin/../lib/gcc/msp430-elf/9.3.1/430/crtbegin_no_eh.o
 .text          0x0000000000000000        0x0 build/obj/test/t_led_test.o
 .data          0x0000000000000000        0x0 build/obj/test/t_led_test.o
 .bss           0x0000000000000000        0x0 build/obj/test/t_led_test.o
 .debug_info    0x0000000000000000      0x564 build/obj/test/t_led_test.o
 .debug_abbrev  0x0000000000000000       0x66 build/obj/test/t_led_test.o
 .debug_aranges
                0x0000000000000000       0x18 build/obj/test/t_led_test.o
 .debug_line    0x0000000000000000       0x6b build/obj/test/t_led_test.o
 .debug_str     0x0000000000000000      0x47f build/obj/test/t_led_test.o
 .comment       0x0000000000000000       0x3a build/obj/test/t_led_test.o
 .data          0x0000000000000000        0x0 build/obj/main.o
 .bss           0x0000000000000000        0x0 build/obj/main.o
 .text          0x0000000000000000        0x0 build/obj/drivers/i2c.o
 .data          0x0000000000000000        0x0 build/obj/drivers/i2c.o
 .bss           0x0000000000000000        0x0 build/obj/drivers/i2c.o
 .debug_line    0x0000000000000000        0x0 build/obj/drivers/i2c.o
 .debug_str     0x0000000000000000       0xc8 build/obj/drivers/i2c.o
 .comment       0x0000000000000000       0x3a build/obj/drivers/i2c.o
 .data          0x0000000000000000        0x0 build/obj/drivers/io.o
 .text          0x0000000000000000       0x88 build/obj/drivers/tb6612fng.o
 .data          0x0000000000000000        0x0 build/obj/drivers/tb6612fng.o
 .bss           0x0000000000000000        0x0 build/obj/drivers/tb6612fng.o
 .rodata        0x0000000000000000        0x8 build/obj/drivers/tb6612fng.o
 .debug_frame   0x0000000000000000       0x64 build/obj/drivers/tb6612fng.o
 .debug_info    0x0000000000000000      0x3c4 build/obj/drivers/tb6612fng.o
 .debug_abbrev  0x0000000000000000      0x11a build/obj/drivers/tb6612fng.o
 .debug_loc     0x0000000000000000      0x11a build/obj/drivers/tb6612fng.o
 .debug_aranges
                0x0000000000000000       0x20 build/obj/drivers/tb6612fng.o
 .debug_line    0x0000000000000000      0x1ae build/obj/drivers/tb6612fng.o
 .debug_str     0x0000000000000000      0x424 build/obj/drivers/tb6612fng.o
 .comment       0x0000000000000000       0x3a build/obj/drivers/tb6612fng.o
 .data          0x0000000000000000        0x0 build/obj/drivers/pwm_both_timers.o
 .text          0x0000000000000000      0x1e6 build/obj/drivers/ir_remote.o
 .data          0x0000000000000000        0x8 build/obj/drivers/ir_remote.o
 .bss           0x0000000000000000       0x12 build/obj/drivers/ir_remote.o
 .debug_frame   0x0000000000000000       0xac build/obj/drivers/ir_remote.o
 .debug_info    0x0000000000000000      0xabf build/obj/drivers/ir_remote.o
 .debug_abbrev  0x0000000000000000      0x251 build/obj/drivers/ir_remote.o
 .debug_loc     0x0000000000000000       0xd2 build/obj/drivers/ir_remote.o
 .debug_aranges
                0x0000000000000000       0x20 build/obj/drivers/ir_remote.o
 .debug_ranges  0x0000000000000000       0x38 build/obj/drivers/ir_remote.o
 .debug_line    0x0000000000000000      0x49d build/obj/drivers/ir_remote.o
 .debug_str     0x0000000000000000      0x8b0 build/obj/drivers/ir_remote.o
 .comment       0x0000000000000000       0x3a build/obj/drivers/ir_remote.o
 .text          0x0000000000000000      0x122 build/obj/drivers/pwm.o
 .data          0x0000000000000000        0xc build/obj/drivers/pwm.o
 .bss           0x0000000000000000        0x1 build/obj/drivers/pwm.o
 .debug_frame   0x0000000000000000       0x9c build/obj/drivers/pwm.o
 .debug_info    0x0000000000000000      0x7ff build/obj/drivers/pwm.o
 .debug_abbrev  0x0000000000000000      0x22e build/obj/drivers/pwm.o
 .debug_loc     0x0000000000000000      0x166 build/obj/drivers/pwm.o
 .debug_aranges
                0x0000000000000000       0x20 build/obj/drivers/pwm.o
 .debug_ranges  0x0000000000000000       0x18 build/obj/drivers/pwm.o
 .debug_line    0x0000000000000000      0x3c3 build/obj/drivers/pwm.o
 .debug_str     0x0000000000000000      0x5d5 build/obj/drivers/pwm.o
 .comment       0x0000000000000000       0x3a build/obj/drivers/pwm.o
 .data          0x0000000000000000        0x0 build/obj/drivers/mcu_init.o
 .bss           0x0000000000000000        0x0 build/obj/drivers/mcu_init.o
 .data          0x0000000000000000        0x0 build/obj/common/ring_buffer.o
 .bss           0x0000000000000000        0x0 build/obj/common/ring_buffer.o
 .data          0x0000000000000000        0x0 build/obj/common/trace.o
 .bss           0x0000000000000000        0x0 build/obj/common/trace.o
 .text          0x0000000000000000      0x1a6 build/obj/common/assert_handler.o
 .data          0x0000000000000000        0x0 build/obj/common/assert_handler.o
 .bss           0x0000000000000000        0x0 build/obj/common/assert_handler.o
 .rodata.str1.1
                0x0000000000000000        0xd build/obj/common/assert_handler.o
 .debug_frame   0x0000000000000000       0x80 build/obj/common/assert_handler.o
 .debug_info    0x0000000000000000      0x6a9 build/obj/common/assert_handler.o
 .debug_abbrev  0x0000000000000000      0x13d build/obj/common/assert_handler.o
 .debug_loc     0x0000000000000000       0x4a build/obj/common/assert_handler.o
 .debug_aranges
                0x0000000000000000       0x20 build/obj/common/assert_handler.o
 .debug_line    0x0000000000000000      0x405 build/obj/common/assert_handler.o
 .debug_str     0x0000000000000000      0x529 build/obj/common/assert_handler.o
 .comment       0x0000000000000000       0x3a build/obj/common/assert_handler.o
 .text          0x0000000000000000        0x0 build/obj/app/enemy.o
 .data          0x0000000000000000        0x0 build/obj/app/enemy.o
 .bss           0x0000000000000000        0x0 build/obj/app/enemy.o
 .debug_line    0x0000000000000000        0x0 build/obj/app/enemy.o
 .debug_str     0x0000000000000000       0xc6 build/obj/app/enemy.o
 .comment       0x0000000000000000       0x3a build/obj/app/enemy.o
 .text          0x0000000000000000        0x0 build/obj/app/drive.o
 .data          0x0000000000000000        0x0 build/obj/app/drive.o
 .bss           0x0000000000000000        0x0 build/obj/app/drive.o
 .debug_line    0x0000000000000000        0x0 build/obj/app/drive.o
 .debug_str     0x0000000000000000       0xc6 build/obj/app/drive.o
 .comment       0x0000000000000000       0x3a build/obj/app/drive.o
 .data          0x0000000000000000        0x0 external/printf/printf.o
 .bss           0x0000000000000000        0x0 external/printf/printf.o
 .text          0x0000000000000000        0x4 /home/rene/tools/msp430-gcc/bin/../lib/gcc/msp430-elf/9.3.1/430/libgcc.a(lib2divSI.o)
 .data          0x0000000000000000        0x0 /home/rene/tools/msp430-gcc/bin/../lib/gcc/msp430-elf/9.3.1/430/libgcc.a(lib2divSI.o)
 .bss           0x0000000000000000        0x0 /home/rene/tools/msp430-gcc/bin/../lib/gcc/msp430-elf/9.3.1/430/libgcc.a(lib2divSI.o)
 .text.__divsi3
                0x0000000000000000       0x4c /home/rene/tools/msp430-gcc/bin/../lib/gcc/msp430-elf/9.3.1/430/libgcc.a(lib2divSI.o)
 .text.__modsi3
                0x0000000000000000       0x62 /home/rene/tools/msp430-gcc/bin/../lib/gcc/msp430-elf/9.3.1/430/libgcc.a(lib2divSI.o)
 .data          0x0000000000000000        0x0 /home/rene/tools/msp430-gcc/bin/../lib/gcc/msp430-elf/9.3.1/430/libgcc.a(epilogue.o)
 .bss           0x0000000000000000        0x0 /home/rene/tools/msp430-gcc/bin/../lib/gcc/msp430-elf/9.3.1/430/libgcc.a(epilogue.o)
 .text          0x0000000000000000        0x0 /home/rene/tools/msp430-gcc/bin/../lib/gcc/msp430-elf/9.3.1/430/libgcc.a(slli.o)
 .data          0x0000000000000000        0x0 /home/rene/tools/msp430-gcc/bin/../lib/gcc/msp430-elf/9.3.1/430/libgcc.a(slli.o)
 .bss           0x0000000000000000        0x0 /home/rene/tools/msp430-gcc/bin/../lib/gcc/msp430-elf/9.3.1/430/libgcc.a(slli.o)
 .text.__mspabi_slli_n
                0x0000000000000000       0x20 /home/rene/tools/msp430-gcc/bin/../lib/gcc/msp430-elf/9.3.1/430/libgcc.a(slli.o)
 .text.__mspabi_slll_n
                0x0000000000000000       0x3e /home/rene/tools/msp430-gcc/bin/../lib/gcc/msp430-elf/9.3.1/430/libgcc.a(slli.o)
 .text.__mspabi_slll
                0x0000000000000000        0xc /home/rene/tools/msp430-gcc/bin/../lib/gcc/msp430-elf/9.3.1/430/libgcc.a(slli.o)
 .text.__mspabi_sllll
                0x0000000000000000       0x1e /home/rene/tools/msp430-gcc/bin/../lib/gcc/msp430-elf/9.3.1/430/libgcc.a(slli.o)
 .text          0x0000000000000000        0x0 /home/rene/tools/msp430-gcc/bin/../lib/gcc/msp430-elf/9.3.1/430/libgcc.a(srai.o)
 .data          0x0000000000000000        0x0 /home/rene/tools/msp430-gcc/bin/../lib/gcc/msp430-elf/9.3.1/430/libgcc.a(srai.o)
 .bss           0x0000000000000000        0x0 /home/rene/tools/msp430-gcc/bin/../lib/gcc/msp430-elf/9.3.1/430/libgcc.a(srai.o)
 .text.__mspabi_srai
                0x0000000000000000        0xa /home/rene/tools/msp430-gcc/bin/../lib/gcc/msp430-elf/9.3.1/430/libgcc.a(srai.o)
 .text.__mspabi_sral_n
                0x0000000000000000       0x3e /home/rene/tools/msp430-gcc/bin/../lib/gcc/msp430-elf/9.3.1/430/libgcc.a(srai.o)
 .text.__mspabi_srall
                0x0000000000000000       0x1e /home/rene/tools/msp430-gcc/bin/../lib/gcc/msp430-elf/9.3.1/430/libgcc.a(srai.o)
 .text          0x0000000000000000        0x0 /home/rene/tools/msp430-gcc/bin/../lib/gcc/msp430-elf/9.3.1/430/libgcc.a(srli.o)
 .data          0x0000000000000000        0x0 /home/rene/tools/msp430-gcc/bin/../lib/gcc/msp430-elf/9.3.1/430/libgcc.a(srli.o)
 .bss           0x0000000000000000        0x0 /home/rene/tools/msp430-gcc/bin/../lib/gcc/msp430-elf/9.3.1/430/libgcc.a(srli.o)
 .text.__mspabi_srli
                0x0000000000000000        0xc /home/rene/tools/msp430-gcc/bin/../lib/gcc/msp430-elf/9.3.1/430/libgcc.a(srli.o)
 .text.__mspabi_srll_n
                0x0000000000000000       0x5c /home/rene/tools/msp430-gcc/bin/../lib/gcc/msp430-elf/9.3.1/430/libgcc.a(srli.o)
 .text.__mspabi_srll
                0x0000000000000000        0xe /home/rene/tools/msp430-gcc/bin/../lib/gcc/msp430-elf/9.3.1/430/libgcc.a(srli.o)
 .text.__mspabi_srlll
                0x0000000000000000       0x20 /home/rene/tools/msp430-gcc/bin/../lib/gcc/msp430-elf/9.3.1/430/libgcc.a(srli.o)
 .text          0x0000000000000000        0x0 /home/rene/tools/msp430-gcc/bin/../lib/gcc/msp430-elf/9.3.1/430/libgcc.a(_udivdi3.o)
 .data          0x0000000000000000        0x0 /home/rene/tools/msp430-gcc/bin/../lib/gcc/msp430-elf/9.3.1/430/libgcc.a(_udivdi3.o)
 .bss           0x0000000000000000        0x0 /home/rene/tools/msp430-gcc/bin/../lib/gcc/msp430-elf/9.3.1/430/libgcc.a(_udivdi3.o)
 .text.__udivdi3
                0x0000000000000000      0x404 /home/rene/tools/msp430-gcc/bin/../lib/gcc/msp430-elf/9.3.1/430/libgcc.a(_udivdi3.o)
 .text          0x0000000000000000        0x0 /home/rene/tools/msp430-gcc/bin/../lib/gcc/msp430-elf/9.3.1/430/libgcc.a(_clzdi2.o)
 .data          0x0000000000000000        0x0 /home/rene/tools/msp430-gcc/bin/../lib/gcc/msp430-elf/9.3.1/430/libgcc.a(_clzdi2.o)
 .bss           0x0000000000000000        0x0 /home/rene/tools/msp430-gcc/bin/../lib/gcc/msp430-elf/9.3.1/430/libgcc.a(_clzdi2.o)
 .text.__clzdi2
                0x0000000000000000       0x64 /home/rene/tools/msp430-gcc/bin/../lib/gcc/msp430-elf/9.3.1/430/libgcc.a(_clzdi2.o)
 .comment       0x0000000000000000       0x3a /home/rene/tools/msp430-gcc/bin/../lib/gcc/msp430-elf/9.3.1/430/libgcc.a(_clzdi2.o)
 .text          0x0000000000000000        0x0 /home/rene/tools/msp430-gcc/bin/../lib/gcc/msp430-elf/9.3.1/430/libgcc.a(_clz.o)
 .data          0x0000000000000000        0x0 /home/rene/tools/msp430-gcc/bin/../lib/gcc/msp430-elf/9.3.1/430/libgcc.a(_clz.o)
 .bss           0x0000000000000000        0x0 /home/rene/tools/msp430-gcc/bin/../lib/gcc/msp430-elf/9.3.1/430/libgcc.a(_clz.o)
 .rodata.__clz_tab
                0x0000000000000000      0x100 /home/rene/tools/msp430-gcc/bin/../lib/gcc/msp430-elf/9.3.1/430/libgcc.a(_clz.o)
 .comment       0x0000000000000000       0x3a /home/rene/tools/msp430-gcc/bin/../lib/gcc/msp430-elf/9.3.1/430/libgcc.a(_clz.o)
 .text          0x0000000000000000        0x0 /home/rene/tools/msp430-gcc/bin/../lib/gcc/msp430-elf/9.3.1/430/libmul_none.a(mpy.o)
 .data          0x0000000000000000        0x0 /home/rene/tools/msp430-gcc/bin/../lib/gcc/msp430-elf/9.3.1/430/libmul_none.a(mpy.o)
 .bss           0x0000000000000000        0x0 /home/rene/tools/msp430-gcc/bin/../lib/gcc/msp430-elf/9.3.1/430/libmul_none.a(mpy.o)
 .text          0x0000000000000000        0x0 /home/rene/tools/msp430-gcc/bin/../lib/gcc/msp430-elf/9.3.1/../../../../msp430-elf/lib/430/libc.a(lib_a-memcpy.o)
 .data          0x0000000000000000        0x0 /home/rene/tools/msp430-gcc/bin/../lib/gcc/msp430-elf/9.3.1/../../../../msp430-elf/lib/430/libc.a(lib_a-memcpy.o)
 .bss           0x0000000000000000        0x0 /home/rene/tools/msp430-gcc/bin/../lib/gcc/msp430-elf/9.3.1/../../../../msp430-elf/lib/430/libc.a(lib_a-memcpy.o)
 .text          0x0000000000000000        0x0 /home/rene/tools/msp430-gcc/bin/../lib/gcc/msp430-elf/9.3.1/../../../../msp430-elf/lib/430/libcrt.a(crt_bss.o)
 .data          0x0000000000000000        0x0 /home/rene/tools/msp430-gcc/bin/../lib/gcc/msp430-elf/9.3.1/../../../../msp430-elf/lib/430/libcrt.a(crt_bss.o)
 .bss           0x0000000000000000        0x0 /home/rene/tools/msp430-gcc/bin/../lib/gcc/msp430-elf/9.3.1/../../../../msp430-elf/lib/430/libcrt.a(crt_bss.o)
 .text          0x0000000000000000        0x0 /home/rene/tools/msp430-gcc/bin/../lib/gcc/msp430-elf/9.3.1/../../../../msp430-elf/lib/430/libcrt.a(crt_movedata.o)
 .data          0x0000000000000000        0x0 /home/rene/tools/msp430-gcc/bin/../lib/gcc/msp430-elf/9.3.1/../../../../msp430-elf/lib/430/libcrt.a(crt_movedata.o)
 .bss           0x0000000000000000        0x0 /home/rene/tools/msp430-gcc/bin/../lib/gcc/msp430-elf/9.3.1/../../../../msp430-elf/lib/430/libcrt.a(crt_movedata.o)
 .text          0x0000000000000000        0x0 /home/rene/tools/msp430-gcc/bin/../lib/gcc/msp430-elf/9.3.1/../../../../msp430-elf/lib/430/libcrt.a(crt_main.o)
 .data          0x0000000000000000        0x0 /home/rene/tools/msp430-gcc/bin/../lib/gcc/msp430-elf/9.3.1/../../../../msp430-elf/lib/430/libcrt.a(crt_main.o)
 .bss           0x0000000000000000        0x0 /home/rene/tools/msp430-gcc/bin/../lib/gcc/msp430-elf/9.3.1/../../../../msp430-elf/lib/430/libcrt.a(crt_main.o)
 .text          0x0000000000000000        0x0 /home/rene/tools/msp430-gcc/bin/../lib/gcc/msp430-elf/9.3.1/../../../../msp430-elf/lib/430/libc.a(lib_a-memmove.o)
 .data          0x0000000000000000        0x0 /home/rene/tools/msp430-gcc/bin/../lib/gcc/msp430-elf/9.3.1/../../../../msp430-elf/lib/430/libc.a(lib_a-memmove.o)
 .bss           0x0000000000000000        0x0 /home/rene/tools/msp430-gcc/bin/../lib/gcc/msp430-elf/9.3.1/../../../../msp430-elf/lib/430/libc.a(lib_a-memmove.o)
 .text          0x0000000000000000        0x0 /home/rene/tools/msp430-gcc/bin/../lib/gcc/msp430-elf/9.3.1/../../../../msp430-elf/lib/430/libc.a(lib_a-memset.o)
 .data          0x0000000000000000        0x0 /home/rene/tools/msp430-gcc/bin/../lib/gcc/msp430-elf/9.3.1/../../../../msp430-elf/lib/430/libc.a(lib_a-memset.o)
 .bss           0x0000000000000000        0x0 /home/rene/tools/msp430-gcc/bin/../lib/gcc/msp430-elf/9.3.1/../../../../msp430-elf/lib/430/libc.a(lib_a-memset.o)
 .text          0x0000000000000000        0x0 /home/rene/tools/msp430-gcc/bin/../lib/gcc/msp430-elf/9.3.1/430/crtend_no_eh.o
 .data          0x0000000000000000        0x0 /home/rene/tools/msp430-gcc/bin/../lib/gcc/msp430-elf/9.3.1/430/crtend_no_eh.o
 .bss           0x0000000000000000        0x0 /home/rene/tools/msp430-gcc/bin/../lib/gcc/msp430-elf/9.3.1/430/crtend_no_eh.o
 .comment       0x0000000000000000       0x3a /home/rene/tools/msp430-gcc/bin/../lib/gcc/msp430-elf/9.3.1/430/crtend_no_eh.o

Memory Configuration

Name             Origin             Length             Attributes
SFR              0x0000000000000000 0x0000000000000010
RAM              0x0000000000000200 0x0000000000000200
INFOMEM          0x0000000000001000 0x0000000000000100
INFOA            0x00000000000010c0 0x0000000000000040
INFOB            0x0000000000001080 0x0000000000000040
INFOC            0x0000000000001040 0x0000000000000040
INFOD            0x0000000000001000 0x0000000000000040
ROM              0x000000000000c000 0x0000000000003fde xr
BSLSIGNATURE     0x000000000000ffde 0x0000000000000002
VECT1            0x000000000000ffe0 0x0000000000000002
VECT2            0x000000000000ffe2 0x0000000000000002
VECT3            0x000000000000ffe4 0x0000000000000002
VECT4            0x000000000000ffe6 0x0000000000000002
VECT5            0x000000000000ffe8 0x0000000000000002
VECT6            0x000000000000ffea 0x0000000000000002
VECT7            0x000000000000ffec 0x0000000000000002
VECT8            0x000000000000ffee 0x0000000000000002
VECT9            0x000000000000fff0 0x0000000000000002
VECT10           0x000000000000fff2 0x0000000000000002
VECT11           0x000000000000fff4 0x0000000000000002
VECT12           0x000000000000fff6 0x0000000000000002
VECT13           0x000000000000fff8 0x0000000000000002
VECT14           0x000000000000fffa 0x0000000000000002
VECT15           0x000000000000fffc 0x0000000000000002
RESETVEC         0x000000000000fffe 0x0000000000000002
*default*        0x0000000000000000 0xffffffffffffffff

Linker script and memory map

LOAD /home/rene/tools/msp430-gcc/bin/../lib/gcc/msp430-elf/9.3.1/../../../../msp430-elf/lib/430/crt0.o
LOAD /home/rene/tools/msp430-gcc/bin/../lib/gcc/msp430-elf/9.3.1/430/crtbegin_no_eh.o
LOAD build/obj/test/t_led_test.o
LOAD build/obj/main.o
LOAD build/obj/drivers/i2c.o
LOAD build/obj/drivers/io.o
LOAD build/obj/drivers/tb6612fng.o
LOAD build/obj/drivers/pwm_both_timers.o
LOAD build/obj/drivers/ir_remote_ta1.o
LOAD build/obj/drivers/ir_remote.o
LOAD build/obj/drivers/uart.o
LOAD build/obj/drivers/pwm.o
LOAD build/obj/drivers/mcu_init.o
LOAD build/obj/common/ring_buffer.o
LOAD build/obj/common/trace.o
LOAD build/obj/common/assert_handler.o
LOAD build/obj/app/enemy.o
LOAD build/obj/app/drive.o
LOAD external/printf/printf.o
LOAD /home/rene/tools/msp430-gcc/bin/../lib/gcc/msp430-elf/9.3.1/430/libgcc.a
START GROUP
LOAD /home/rene/tools/msp430-gcc/bin/../lib/gcc/msp430-elf/9.3.1/430/libmul_none.a
LOAD /home/rene/tools/msp430-gcc/bin/../lib/gcc/msp430-elf/9.3.1/../../../../msp430-elf/lib/430/libc.a
LOAD /home/rene/tools/msp430-gcc/bin/../lib/gcc/msp430-elf/9.3.1/430/libgcc.a
LOAD /home/rene/tools/msp430-gcc/bin/../lib/gcc/msp430-elf/9.3.1/../../../../msp430-elf/lib/430/libcrt.a
LOAD /home/rene/tools/msp430-gcc/bin/../lib/gcc/msp430-elf/9.3.1/../../../../msp430-elf/lib/430/libnosys.a
END GROUP

.bslsignature

__interrupt_vector_1
 *(__interrupt_vector_1)
 *(__interrupt_vector_trapint)

__interrupt_vector_2
 *(__interrupt_vector_2)

__interrupt_vector_3
                0x000000000000ffe4        0x2
 *(__interrupt_vector_3)
 __interrupt_vector_3
                0x000000000000ffe4        0x2 build/obj/drivers/io.o
 *(__interrupt_vector_port1)

__interrupt_vector_4
                0x000000000000ffe6        0x2
 *(__interrupt_vector_4)
 __interrupt_vector_4
                0x000000000000ffe6        0x2 build/obj/drivers/io.o
 *(__interrupt_vector_port2)

__interrupt_vector_5
 *(__interrupt_vector_5)

__interrupt_vector_6
 *(__interrupt_vector_6)
 *(__interrupt_vector_adc10)

__interrupt_vector_7
                0x000000000000ffec        0x2
 *(__interrupt_vector_7)
 __interrupt_vector_7
                0x000000000000ffec        0x2 build/obj/drivers/uart.o
 *(__interrupt_vector_usciab0tx)

__interrupt_vector_8
 *(__interrupt_vector_8)
 *(__interrupt_vector_usciab0rx)

__interrupt_vector_9
 *(__interrupt_vector_9)
 *(__interrupt_vector_timer0_a1)

__interrupt_vector_10
 *(__interrupt_vector_10)
 *(__interrupt_vector_timer0_a0)

__interrupt_vector_11
 *(__interrupt_vector_11)
 *(__interrupt_vector_wdt)

__interrupt_vector_12
 *(__interrupt_vector_12)
 *(__interrupt_vector_comparatora)

__interrupt_vector_13
                0x000000000000fff8        0x2
 *(__interrupt_vector_13)
 __interrupt_vector_13
                0x000000000000fff8        0x2 build/obj/drivers/ir_remote_ta1.o
 *(__interrupt_vector_timer1_a1)

__interrupt_vector_14
                0x000000000000fffa        0x2
 *(__interrupt_vector_14)
 __interrupt_vector_14
                0x000000000000fffa        0x2 build/obj/drivers/pwm_both_timers.o
 *(__interrupt_vector_timer1_a0)

__interrupt_vector_15
 *(__interrupt_vector_15)
 *(__interrupt_vector_nmi)

__reset_vector  0x000000000000fffe        0x2
 *(__interrupt_vector_16)
 *(__interrupt_vector_reset)
 *(.resetvec)
 .resetvec      0x000000000000fffe        0x2 /home/rene/tools/msp430-gcc/bin/../lib/gcc/msp430-elf/9.3.1/../../../../msp430-elf/lib/430/crt0.o

.rodata         0x000000000000c000      0x26c
                0x000000000000c000                . = ALIGN (0x2)
 *(.plt)
 *(.rodata .rodata.* .gnu.linkonce.r.* .const .const:*)
 .rodata.str1.1
                0x000000000000c000      0x110 build/obj/main.o
 .rodata        0x000000000000c110       0xa0 build/obj/drivers/io.o
 .rodata        0x000000000000c1b0        0xc build/obj/drivers/pwm_both_timers.o
 .rodata.str1.1
                0x000000000000c1bc       0xb0 build/obj/drivers/ir_remote_ta1.o
 *(.rodata1)
 *(.gcc_except_table)
 *(.gcc_except_table.*)

.rodata2        0x000000000000c26c       0x6e
                0x000000000000c26c                . = ALIGN (0x2)
                [!provide]                        PROVIDE (__preinit_array_start = .)
 *(.preinit_array)
                [!provide]                        PROVIDE (__preinit_array_end = .)
                0x000000000000c26c                . = ALIGN (0x2)
                [!provide]                        PROVIDE (__init_array_start = .)
 *(SORT_BY_NAME(.init_array.*))
 *(.init_array)
                [!provide]                        PROVIDE (__init_array_end = .)
                0x000000000000c26c                . = ALIGN (0x2)
                [!provide]                        PROVIDE (__fini_array_start = .)
 *(.fini_array)
 *(SORT_BY_NAME(.fini_array.*))
                [!provide]                        PROVIDE (__fini_array_end = .)
                0x000000000000c26c                . = ALIGN (0x2)
 *(.eh_frame_hdr)
 *(.eh_frame)
 .eh_frame      0x000000000000c26c       0x6e /home/rene/tools/msp430-gcc/bin/../lib/gcc/msp430-elf/9.3.1/430/libgcc.a(_udivdi3.o)
 *crtbegin*.o(.ctors)
 *(EXCLUDE_FILE(*crtend*.o) .ctors)
 *(SORT_BY_NAME(.ctors.*))
 *(.ctors)
 *crtbegin*.o(.dtors)
 *(EXCLUDE_FILE(*crtend*.o) .dtors)
 *(SORT_BY_NAME(.dtors.*))
 *(.dtors)

.text           0x000000000000c2dc     0x1972
                0x000000000000c2dc                . = ALIGN (0x2)
                0x000000000000c2dc                PROVIDE (_start = .)
 *(SORT_BY_NAME(.crt_*))
 .crt_0000start
                0x000000000000c2dc        0x4 /home/rene/tools/msp430-gcc/bin/../lib/gcc/msp430-elf/9.3.1/../../../../msp430-elf/lib/430/crt0.o
                0x000000000000c2dc                __crt0_start
 .crt_0100init_bss
                0x000000000000c2e0        0xe /home/rene/tools/msp430-gcc/bin/../lib/gcc/msp430-elf/9.3.1/../../../../msp430-elf/lib/430/libcrt.a(crt_bss.o)
                0x000000000000c2e0                __crt0_init_bss
 .crt_0300movedata
                0x000000000000c2ee       0x14 /home/rene/tools/msp430-gcc/bin/../lib/gcc/msp430-elf/9.3.1/../../../../msp430-elf/lib/430/libcrt.a(crt_movedata.o)
                0x000000000000c2ee                __crt0_movedata
 .crt_0800call_main
                0x000000000000c302        0x6 /home/rene/tools/msp430-gcc/bin/../lib/gcc/msp430-elf/9.3.1/../../../../msp430-elf/lib/430/libcrt.a(crt_main.o)
                0x000000000000c302                __crt0_call_main
 *(.lowtext .text .stub .text.* .gnu.linkonce.t.* .text:*)
 .text          0x000000000000c308      0x10c build/obj/main.o
                0x000000000000c31e                isr_test_toggle_led
                0x000000000000c328                verify_p2_muxing
                0x000000000000c3d6                ir_remote_init_ta1_2
                0x000000000000c410                main
 .text          0x000000000000c414      0x438 build/obj/drivers/io.o
                0x000000000000c4c2                io_set_select
                0x000000000000c542                io_set_direction
                0x000000000000c57c                io_set_resistor
                0x000000000000c5b6                io_set_out
                0x000000000000c5f0                io_configure
                0x000000000000c620                io_init
                0x000000000000c646                io_get_input
                0x000000000000c64a                io_get_current_config
                0x000000000000c6ec                io_config_compare
                0x000000000000c71e                io_enable_interrupt
                0x000000000000c740                io_disable_interrupt
                0x000000000000c7b0                io_configure_interrupt
                0x000000000000c7c8                io_deconfigure_interrupt
                0x000000000000c7f0                isr_port_1
                0x000000000000c81e                isr_port_2
 .text          0x000000000000c84c      0x112 build/obj/drivers/pwm_both_timers.o
                0x000000000000c8ca                pwm_both_timers_set_duty_cycle
                0x000000000000c906                pwm_both_timers_init
                0x000000000000c910                isr_reset_continous_timer
 .text          0x000000000000c95e      0x27c build/obj/drivers/ir_remote_ta1.o
                0x000000000000ca38                ir_remote_init_ta1
                0x000000000000ca72                ir_debug_print_log
                0x000000000000cb58                ir_remote_get_cmd_ta1
                0x000000000000cb84                isr_timer1_a1
 .text          0x000000000000cbda      0x13c build/obj/drivers/uart.o
                0x000000000000cc4a                isr_uart_tx
                0x000000000000cc80                uart_init
                0x000000000000cc9a                _putchar
                0x000000000000ccec                uart_init_assert
                0x000000000000ccf6                uart_trace_assert
 .text          0x000000000000cd16       0x3c build/obj/drivers/mcu_init.o
                0x000000000000cd40                mcu_init
 .text          0x000000000000cd52      0x166 build/obj/common/ring_buffer.o
                0x000000000000cd52                ring_buffer_get
                0x000000000000cda2                ring_buffer_put
                0x000000000000cdfe                ring_buffer_peek_tail
                0x000000000000ce26                ring_buffer_peek_head
                0x000000000000ce64                ring_buffer_count
                0x000000000000ce98                ring_buffer_empty
                0x000000000000ceb2                ring_buffer_full
 .text          0x000000000000ceb8       0x12 build/obj/common/trace.o
                0x000000000000ceb8                trace_init
                0x000000000000cebe                trace
 *fill*         0x000000000000ceca        0x2 
 .text          0x000000000000cecc      0xbba external/printf/printf.o
                0x000000000000d9cc                printf_
                0x000000000000d9ee                sprintf_
                0x000000000000da0a                snprintf_
                0x000000000000da26                vprintf_
                0x000000000000da42                vsnprintf_
                0x000000000000da5a                fctprintf
 .text.udivmodsi4
                0x000000000000da86       0x86 /home/rene/tools/msp430-gcc/bin/../lib/gcc/msp430-elf/9.3.1/430/libgcc.a(lib2divSI.o)
                0x000000000000da86                udivmodsi4
 .text.__udivsi3
                0x000000000000db0c        0xe /home/rene/tools/msp430-gcc/bin/../lib/gcc/msp430-elf/9.3.1/430/libgcc.a(lib2divSI.o)
                0x000000000000db0c                __mspabi_divul
                0x000000000000db0c                __mspabi_divlu
 .text.__umodsi3
                0x000000000000db1a        0xe /home/rene/tools/msp430-gcc/bin/../lib/gcc/msp430-elf/9.3.1/430/libgcc.a(lib2divSI.o)
                0x000000000000db1a                __mspabi_remul
 .text          0x000000000000db28       0x10 /home/rene/tools/msp430-gcc/bin/../lib/gcc/msp430-elf/9.3.1/430/libgcc.a(epilogue.o)
                0x000000000000db28                __mspabi_func_epilog_7
                0x000000000000db2a                __mspabi_func_epilog_6
                0x000000000000db2c                __mspabi_func_epilog_5
                0x000000000000db2e                __mspabi_func_epilog_4
                0x000000000000db30                __mspabi_func_epilog_3
                0x000000000000db32                __mspabi_func_epilog_2
                0x000000000000db34                __mspabi_func_epilog_1
 .text.__mspabi_slli
                0x000000000000db38        0xa /home/rene/tools/msp430-gcc/bin/../lib/gcc/msp430-elf/9.3.1/430/libgcc.a(slli.o)
                0x000000000000db3c                __mspabi_slli
 .text.__mspabi_srai_n
                0x000000000000db42       0x20 /home/rene/tools/msp430-gcc/bin/../lib/gcc/msp430-elf/9.3.1/430/libgcc.a(srai.o)
                0x000000000000db42                __mspabi_srai_15
                0x000000000000db44                __mspabi_srai_14
                0x000000000000db46                __mspabi_srai_13
                0x000000000000db48                __mspabi_srai_12
                0x000000000000db4a                __mspabi_srai_11
                0x000000000000db4c                __mspabi_srai_10
                0x000000000000db4e                __mspabi_srai_9
                0x000000000000db50                __mspabi_srai_8
                0x000000000000db52                __mspabi_srai_7
                0x000000000000db54                __mspabi_srai_6
                0x000000000000db56                __mspabi_srai_5
                0x000000000000db58                __mspabi_srai_4
                0x000000000000db5a                __mspabi_srai_3
                0x000000000000db5c                __mspabi_srai_2
                0x000000000000db5e                __mspabi_srai_1
 .text.__mspabi_sral
                0x000000000000db62        0xc /home/rene/tools/msp430-gcc/bin/../lib/gcc/msp430-elf/9.3.1/430/libgcc.a(srai.o)
                0x000000000000db68                __mspabi_sral
 .text.__mspabi_srli_n
                0x000000000000db6e       0x3e /home/rene/tools/msp430-gcc/bin/../lib/gcc/msp430-elf/9.3.1/430/libgcc.a(srli.o)
                0x000000000000db6e                __mspabi_srli_15
                0x000000000000db72                __mspabi_srli_14
                0x000000000000db76                __mspabi_srli_13
                0x000000000000db7a                __mspabi_srli_12
                0x000000000000db7e                __mspabi_srli_11
                0x000000000000db82                __mspabi_srli_10
                0x000000000000db86                __mspabi_srli_9
                0x000000000000db8a                __mspabi_srli_8
                0x000000000000db8e                __mspabi_srli_7
                0x000000000000db92                __mspabi_srli_6
                0x000000000000db96                __mspabi_srli_5
                0x000000000000db9a                __mspabi_srli_4
                0x000000000000db9e                __mspabi_srli_3
                0x000000000000dba2                __mspabi_srli_2
                0x000000000000dba6                __mspabi_srli_1
 .text.__mulhi3
                0x000000000000dbac       0x42 /home/rene/tools/msp430-gcc/bin/../lib/gcc/msp430-elf/9.3.1/430/libmul_none.a(mpy.o)
                0x000000000000dbac                __mspabi_mpyi
 .text.memcpy   0x000000000000dbee       0x12 /home/rene/tools/msp430-gcc/bin/../lib/gcc/msp430-elf/9.3.1/../../../../msp430-elf/lib/430/libc.a(lib_a-memcpy.o)
                0x000000000000dbee                memcpy
 .text.memmove  0x000000000000dc00       0x3c /home/rene/tools/msp430-gcc/bin/../lib/gcc/msp430-elf/9.3.1/../../../../msp430-elf/lib/430/libc.a(lib_a-memmove.o)
                0x000000000000dc00                memmove
 .text.memset   0x000000000000dc3c       0x12 /home/rene/tools/msp430-gcc/bin/../lib/gcc/msp430-elf/9.3.1/../../../../msp430-elf/lib/430/libc.a(lib_a-memset.o)
                0x000000000000dc3c                memset
 *(.text.*personality*)
 *(.gnu.warning)
 *(.interp .hash .dynsym .dynstr .gnu.version*)
                [!provide]                        PROVIDE (__etext = .)
                [!provide]                        PROVIDE (_etext = .)
                [!provide]                        PROVIDE (etext = .)
                0x000000000000dc4e                . = ALIGN (0x2)
 *(.init)
 *(.fini)
 *(.tm_clone_table)

.data           0x0000000000000200       0x10 load address 0x000000000000dc4e
                0x0000000000000200                . = ALIGN (0x2)
                0x0000000000000200                PROVIDE (__datastart = .)
 *(.jcr)
 *(.data.rel.ro.local)
 *(.data.rel.ro*)
 *(.dynamic)
 *(.data .data.* .gnu.linkonce.d.*)
 .data          0x0000000000000200        0x8 build/obj/drivers/ir_remote_ta1.o
 .data          0x0000000000000208        0x8 build/obj/drivers/uart.o
 *(.gnu.linkonce.d.*personality*)
 *(.data1)
 *(.got.plt)
 *(.got)
                0x0000000000000210                . = ALIGN (0x2)
 *(.sdata .sdata.* .gnu.linkonce.s.* D_2 D_1)
                0x0000000000000210                . = ALIGN (0x2)
                0x0000000000000210                _edata = .
                [!provide]                        PROVIDE (edata = .)
                [!provide]                        PROVIDE (__dataend = .)
                0x000000000000dc4e                PROVIDE (__romdatastart = LOADADDR (.data))
                0x0000000000000010                PROVIDE (__romdatacopysize = SIZEOF (.data))

.bss            0x0000000000000210       0x9c load address 0x000000000000dc5e
                0x0000000000000210                . = ALIGN (0x2)
                0x0000000000000210                PROVIDE (__bssstart = .)
 *(.dynbss)
 *(.sbss .sbss.*)
 *(.bss .bss.* .gnu.linkonce.b.*)
 .bss           0x0000000000000210       0x20 build/obj/drivers/io.o
 .bss           0x0000000000000230        0x6 build/obj/drivers/pwm_both_timers.o
                0x0000000000000230                is_chanel_enabled
 .bss           0x0000000000000236       0x66 build/obj/drivers/ir_remote_ta1.o
 .bss           0x000000000000029c       0x10 build/obj/drivers/uart.o
                0x00000000000002ac                . = ALIGN (0x2)
 *(COMMON)
                [!provide]                        PROVIDE (__bssend = .)
                0x000000000000009c                PROVIDE (__bsssize = SIZEOF (.bss))

.noinit         0x00000000000002ac        0x0 load address 0x000000000000dc5e
                0x00000000000002ac                . = ALIGN (0x2)
                [!provide]                        PROVIDE (__noinit_start = .)
 *(.noinit)
                0x00000000000002ac                . = ALIGN (0x2)
                [!provide]                        PROVIDE (__noinit_end = .)
                0x00000000000002ac                end = .

.heap           0x00000000000002ac        0x4 load address 0x000000000000dc5e
                0x00000000000002ac                . = ALIGN (0x2)
                0x00000000000002ac                __heap_start__ = .
                0x00000000000002ac                _end = __heap_start__
                [!provide]                        PROVIDE (end = .)
 *(.heap)
                0x00000000000002ac                _end = .
                [!provide]                        PROVIDE (end = .)
                0x00000000000002ac        0x4 LONG 0x0
                0x00000000000002b0                __heap_end__ = .
                0x00000000000002b0                __HeapLimit = __heap_end__

.stack          0x0000000000000400        0x0
                0x0000000000000400                PROVIDE (__stack = .)
 *(.stack)

.infoA

.infoB

.infoC

.infoD

.MSP430.attributes
                0x0000000000000000       0x17
 *(.MSP430.attributes)
 .MSP430.attributes
                0x0000000000000000       0x17 /home/rene/tools/msp430-gcc/bin/../lib/gcc/msp430-elf/9.3.1/../../../../msp430-elf/lib/430/crt0.o
 .MSP430.attributes
                0x0000000000000017       0x17 /home/rene/tools/msp430-gcc/bin/../lib/gcc/msp430-elf/9.3.1/430/crtbegin_no_eh.o
 .MSP430.attributes
                0x000000000000002e       0x17 build/obj/test/t_led_test.o
 .MSP430.attributes
                0x0000000000000045       0x17 build/obj/main.o
 .MSP430.attributes
                0x000000000000005c       0x17 build/obj/drivers/i2c.o
 .MSP430.attributes
                0x0000000000000073       0x17 build/obj/drivers/io.o
 .MSP430.attributes
                0x000000000000008a       0x17 build/obj/drivers/tb6612fng.o
 .MSP430.attributes
                0x00000000000000a1       0x17 build/obj/drivers/pwm_both_timers.o
 .MSP430.attributes
                0x00000000000000b8       0x17 build/obj/drivers/ir_remote_ta1.o
 .MSP430.attributes
                0x00000000000000cf       0x17 build/obj/drivers/ir_remote.o
 .MSP430.attributes
                0x00000000000000e6       0x17 build/obj/drivers/uart.o
 .MSP430.attributes
                0x00000000000000fd       0x17 build/obj/drivers/pwm.o
 .MSP430.attributes
                0x0000000000000114       0x17 build/obj/drivers/mcu_init.o
 .MSP430.attributes
                0x000000000000012b       0x17 build/obj/common/ring_buffer.o
 .MSP430.attributes
                0x0000000000000142       0x17 build/obj/common/trace.o
 .MSP430.attributes
                0x0000000000000159       0x17 build/obj/common/assert_handler.o
 .MSP430.attributes
                0x0000000000000170       0x17 build/obj/app/enemy.o
 .MSP430.attributes
                0x0000000000000187       0x17 build/obj/app/drive.o
 .MSP430.attributes
                0x000000000000019e       0x17 external/printf/printf.o
 .MSP430.attributes
                0x00000000000001b5       0x17 /home/rene/tools/msp430-gcc/bin/../lib/gcc/msp430-elf/9.3.1/430/libgcc.a(lib2divSI.o)
 .MSP430.attributes
                0x00000000000001cc       0x17 /home/rene/tools/msp430-gcc/bin/../lib/gcc/msp430-elf/9.3.1/430/libgcc.a(epilogue.o)
 .MSP430.attributes
                0x00000000000001e3       0x17 /home/rene/tools/msp430-gcc/bin/../lib/gcc/msp430-elf/9.3.1/430/libgcc.a(slli.o)
 .MSP430.attributes
                0x00000000000001fa       0x17 /home/rene/tools/msp430-gcc/bin/../lib/gcc/msp430-elf/9.3.1/430/libgcc.a(srai.o)
 .MSP430.attributes
                0x0000000000000211       0x17 /home/rene/tools/msp430-gcc/bin/../lib/gcc/msp430-elf/9.3.1/430/libgcc.a(srli.o)
 .MSP430.attributes
                0x0000000000000228       0x17 /home/rene/tools/msp430-gcc/bin/../lib/gcc/msp430-elf/9.3.1/430/libgcc.a(_udivdi3.o)
 .MSP430.attributes
                0x000000000000023f       0x17 /home/rene/tools/msp430-gcc/bin/../lib/gcc/msp430-elf/9.3.1/430/libgcc.a(_clzdi2.o)
 .MSP430.attributes
                0x0000000000000256       0x17 /home/rene/tools/msp430-gcc/bin/../lib/gcc/msp430-elf/9.3.1/430/libgcc.a(_clz.o)
 .MSP430.attributes
                0x000000000000026d       0x17 /home/rene/tools/msp430-gcc/bin/../lib/gcc/msp430-elf/9.3.1/430/libmul_none.a(mpy.o)
 .MSP430.attributes
                0x0000000000000284       0x17 /home/rene/tools/msp430-gcc/bin/../lib/gcc/msp430-elf/9.3.1/../../../../msp430-elf/lib/430/libc.a(lib_a-memcpy.o)
 .MSP430.attributes
                0x000000000000029b       0x17 /home/rene/tools/msp430-gcc/bin/../lib/gcc/msp430-elf/9.3.1/../../../../msp430-elf/lib/430/libcrt.a(crt_bss.o)
 .MSP430.attributes
                0x00000000000002b2       0x17 /home/rene/tools/msp430-gcc/bin/../lib/gcc/msp430-elf/9.3.1/../../../../msp430-elf/lib/430/libcrt.a(crt_movedata.o)
 .MSP430.attributes
                0x00000000000002c9       0x17 /home/rene/tools/msp430-gcc/bin/../lib/gcc/msp430-elf/9.3.1/../../../../msp430-elf/lib/430/libcrt.a(crt_main.o)
 .MSP430.attributes
                0x00000000000002e0       0x17 /home/rene/tools/msp430-gcc/bin/../lib/gcc/msp430-elf/9.3.1/../../../../msp430-elf/lib/430/libc.a(lib_a-memmove.o)
 .MSP430.attributes
                0x00000000000002f7       0x17 /home/rene/tools/msp430-gcc/bin/../lib/gcc/msp430-elf/9.3.1/../../../../msp430-elf/lib/430/libc.a(lib_a-memset.o)
 .MSP430.attributes
                0x000000000000030e       0x17 /home/rene/tools/msp430-gcc/bin/../lib/gcc/msp430-elf/9.3.1/430/crtend_no_eh.o
 *(.gnu.attributes)
 *(__TI_build_attributes)

.stab
 *(.stab)

.stabstr
 *(.stabstr)

.stab.excl
 *(.stab.excl)

.stab.exclstr
 *(.stab.exclstr)

.stab.index
 *(.stab.index)

.stab.indexstr
 *(.stab.indexstr)

.comment        0x0000000000000000       0x39
 *(.comment)
 .comment       0x0000000000000000       0x39 build/obj/main.o
                                         0x3a (size before relaxing)
 .comment       0x0000000000000039       0x3a build/obj/drivers/io.o
 .comment       0x0000000000000039       0x3a build/obj/drivers/pwm_both_timers.o
 .comment       0x0000000000000039       0x3a build/obj/drivers/ir_remote_ta1.o
 .comment       0x0000000000000039       0x3a build/obj/drivers/uart.o
 .comment       0x0000000000000039       0x3a build/obj/drivers/mcu_init.o
 .comment       0x0000000000000039       0x3a build/obj/common/ring_buffer.o
 .comment       0x0000000000000039       0x3a build/obj/common/trace.o
 .comment       0x0000000000000039       0x3a external/printf/printf.o
 .comment       0x0000000000000039       0x3a /home/rene/tools/msp430-gcc/bin/../lib/gcc/msp430-elf/9.3.1/430/libgcc.a(lib2divSI.o)
 .comment       0x0000000000000039       0x3a /home/rene/tools/msp430-gcc/bin/../lib/gcc/msp430-elf/9.3.1/430/libgcc.a(_udivdi3.o)
 .comment       0x0000000000000039       0x3a /home/rene/tools/msp430-gcc/bin/../lib/gcc/msp430-elf/9.3.1/430/libmul_none.a(mpy.o)
 .comment       0x0000000000000039       0x3a /home/rene/tools/msp430-gcc/bin/../lib/gcc/msp430-elf/9.3.1/../../../../msp430-elf/lib/430/libc.a(lib_a-memcpy.o)
 .comment       0x0000000000000039       0x3a /home/rene/tools/msp430-gcc/bin/../lib/gcc/msp430-elf/9.3.1/../../../../msp430-elf/lib/430/libc.a(lib_a-memmove.o)
 .comment       0x0000000000000039       0x3a /home/rene/tools/msp430-gcc/bin/../lib/gcc/msp430-elf/9.3.1/../../../../msp430-elf/lib/430/libc.a(lib_a-memset.o)

.debug
 *(.debug)

.line
 *(.line)

.debug_srcinfo
 *(.debug_srcinfo)

.debug_sfnames
 *(.debug_sfnames)

.debug_aranges  0x0000000000000000      0x120
 *(.debug_aranges)
 .debug_aranges
                0x0000000000000000       0x20 build/obj/main.o
 .debug_aranges
                0x0000000000000020       0x20 build/obj/drivers/io.o
 .debug_aranges
                0x0000000000000040       0x20 build/obj/drivers/pwm_both_timers.o
 .debug_aranges
                0x0000000000000060       0x20 build/obj/drivers/ir_remote_ta1.o
 .debug_aranges
                0x0000000000000080       0x20 build/obj/drivers/uart.o
 .debug_aranges
                0x00000000000000a0       0x20 build/obj/drivers/mcu_init.o
 .debug_aranges
                0x00000000000000c0       0x20 build/obj/common/ring_buffer.o
 .debug_aranges
                0x00000000000000e0       0x20 build/obj/common/trace.o
 .debug_aranges
                0x0000000000000100       0x20 external/printf/printf.o

.debug_pubnames
 *(.debug_pubnames)

.debug_info     0x0000000000000000     0x5863
 *(.debug_info .gnu.linkonce.wi.*)
 .debug_info    0x0000000000000000      0x85e build/obj/main.o
 .debug_info    0x000000000000085e     0x11c5 build/obj/drivers/io.o
 .debug_info    0x0000000000001a23      0x8c8 build/obj/drivers/pwm_both_timers.o
 .debug_info    0x00000000000022eb      0xa8f build/obj/drivers/ir_remote_ta1.o
 .debug_info    0x0000000000002d7a      0x924 build/obj/drivers/uart.o
 .debug_info    0x000000000000369e      0x5c5 build/obj/drivers/mcu_init.o
 .debug_info    0x0000000000003c63      0xba8 build/obj/common/ring_buffer.o
 .debug_info    0x000000000000480b      0x100 build/obj/common/trace.o
 .debug_info    0x000000000000490b      0xf58 external/printf/printf.o

.debug_abbrev   0x0000000000000000     0x11b6
 *(.debug_abbrev)
 .debug_abbrev  0x0000000000000000      0x167 build/obj/main.o
 .debug_abbrev  0x0000000000000167      0x383 build/obj/drivers/io.o
 .debug_abbrev  0x00000000000004ea      0x1f3 build/obj/drivers/pwm_both_timers.o
 .debug_abbrev  0x00000000000006dd      0x23d build/obj/drivers/ir_remote_ta1.o
 .debug_abbrev  0x000000000000091a      0x209 build/obj/drivers/uart.o
 .debug_abbrev  0x0000000000000b23       0xdc build/obj/drivers/mcu_init.o
 .debug_abbrev  0x0000000000000bff      0x1e0 build/obj/common/ring_buffer.o
 .debug_abbrev  0x0000000000000ddf       0xca build/obj/common/trace.o
 .debug_abbrev  0x0000000000000ea9      0x30d external/printf/printf.o

.debug_line     0x0000000000000000     0x36e4
 *(.debug_line .debug_line.* .debug_line_end)
 .debug_line    0x0000000000000000      0x32a build/obj/main.o
 .debug_line    0x000000000000032a      0x9ad build/obj/drivers/io.o
 .debug_line    0x0000000000000cd7      0x3cf build/obj/drivers/pwm_both_timers.o
 .debug_line    0x00000000000010a6      0x6d5 build/obj/drivers/ir_remote_ta1.o
 .debug_line    0x000000000000177b      0x491 build/obj/drivers/uart.o
 .debug_line    0x0000000000001c0c      0x16e build/obj/drivers/mcu_init.o
 .debug_line    0x0000000000001d7a      0x43e build/obj/common/ring_buffer.o
 .debug_line    0x00000000000021b8       0xf9 build/obj/common/trace.o
 .debug_line    0x00000000000022b1     0x1433 external/printf/printf.o

.debug_frame    0x0000000000000000      0xd58
 *(.debug_frame)
 .debug_frame   0x0000000000000000       0xa0 build/obj/main.o
 .debug_frame   0x00000000000000a0      0x464 build/obj/drivers/io.o
 .debug_frame   0x0000000000000504       0xf8 build/obj/drivers/pwm_both_timers.o
 .debug_frame   0x00000000000005fc      0x11c build/obj/drivers/ir_remote_ta1.o
 .debug_frame   0x0000000000000718      0x174 build/obj/drivers/uart.o
 .debug_frame   0x000000000000088c       0x34 build/obj/drivers/mcu_init.o
 .debug_frame   0x00000000000008c0      0x14c build/obj/common/ring_buffer.o
 .debug_frame   0x0000000000000a0c       0x34 build/obj/common/trace.o
 .debug_frame   0x0000000000000a40      0x318 external/printf/printf.o

.debug_str      0x0000000000000000     0x1487
 *(.debug_str)
 .debug_str     0x0000000000000000      0x66f build/obj/main.o
                                        0x6ab (size before relaxing)
 .debug_str     0x000000000000066f      0x3d4 build/obj/drivers/io.o
                                        0x9cb (size before relaxing)
 .debug_str     0x0000000000000a43       0xe8 build/obj/drivers/pwm_both_timers.o
                                        0x78a (size before relaxing)
 .debug_str     0x0000000000000b2b      0x262 build/obj/drivers/ir_remote_ta1.o
                                        0x780 (size before relaxing)
 .debug_str     0x0000000000000d8d      0x132 build/obj/drivers/uart.o
                                        0x63e (size before relaxing)
 .debug_str     0x0000000000000ebf       0x32 build/obj/drivers/mcu_init.o
                                        0x4a0 (size before relaxing)
 .debug_str     0x0000000000000ef1      0x437 build/obj/common/ring_buffer.o
                                        0x68a (size before relaxing)
 .debug_str     0x0000000000001328       0x3d build/obj/common/trace.o
                                        0x157 (size before relaxing)
 .debug_str     0x0000000000001365      0x122 external/printf/printf.o
                                        0x2fa (size before relaxing)

.debug_loc      0x0000000000000000     0x1acc
 *(.debug_loc)
 .debug_loc     0x0000000000000000      0x69e build/obj/drivers/io.o
 .debug_loc     0x000000000000069e       0x9c build/obj/drivers/pwm_both_timers.o
 .debug_loc     0x000000000000073a      0x113 build/obj/drivers/ir_remote_ta1.o
 .debug_loc     0x000000000000084d       0xdb build/obj/drivers/uart.o
 .debug_loc     0x0000000000000928      0x207 build/obj/common/ring_buffer.o
 .debug_loc     0x0000000000000b2f       0x20 build/obj/common/trace.o
 .debug_loc     0x0000000000000b4f      0xf7d external/printf/printf.o

.debug_macinfo
 *(.debug_macinfo)

.debug_weaknames
 *(.debug_weaknames)

.debug_funcnames
 *(.debug_funcnames)

.debug_typenames
 *(.debug_typenames)

.debug_varnames
 *(.debug_varnames)

.debug_pubtypes
 *(.debug_pubtypes)

.debug_ranges   0x0000000000000000       0x98
 *(.debug_ranges)
 .debug_ranges  0x0000000000000000       0x30 build/obj/drivers/ir_remote_ta1.o
 .debug_ranges  0x0000000000000030       0x68 external/printf/printf.o

.debug_macro
 *(.debug_macro)

/DISCARD/
 *(.note.GNU-stack)
                [!provide]                        PROVIDE (IE1 = 0x0)
                [!provide]                        PROVIDE (IFG1 = 0x2)
                0x0000000000000001                PROVIDE (IE2 = 0x1)
                0x0000000000000003                PROVIDE (IFG2 = 0x3)
                [!provide]                        PROVIDE (ADC10DTC0 = 0x48)
                [!provide]                        PROVIDE (ADC10DTC1 = 0x49)
                [!provide]                        PROVIDE (ADC10AE0 = 0x4a)
                [!provide]                        PROVIDE (ADC10CTL0 = 0x1b0)
                [!provide]                        PROVIDE (ADC10CTL1 = 0x1b2)
                [!provide]                        PROVIDE (ADC10MEM = 0x1b4)
                [!provide]                        PROVIDE (ADC10SA = 0x1bc)
                0x0000000000000056                PROVIDE (DCOCTL = 0x56)
                0x0000000000000057                PROVIDE (BCSCTL1 = 0x57)
                0x0000000000000058                PROVIDE (BCSCTL2 = 0x58)
                0x0000000000000053                PROVIDE (BCSCTL3 = 0x53)
                [!provide]                        PROVIDE (CACTL1 = 0x59)
                [!provide]                        PROVIDE (CACTL2 = 0x5a)
                [!provide]                        PROVIDE (CAPD = 0x5b)
                [!provide]                        PROVIDE (FCTL1 = 0x128)
                [!provide]                        PROVIDE (FCTL2 = 0x12a)
                [!provide]                        PROVIDE (FCTL3 = 0x12c)
                [!provide]                        PROVIDE (P1IN = 0x20)
                0x0000000000000021                PROVIDE (P1OUT = 0x21)
                0x0000000000000022                PROVIDE (P1DIR = 0x22)
                0x0000000000000023                PROVIDE (P1IFG = 0x23)
                0x0000000000000024                PROVIDE (P1IES = 0x24)
                0x0000000000000025                PROVIDE (P1IE = 0x25)
                0x0000000000000026                PROVIDE (P1SEL = 0x26)
                0x0000000000000041                PROVIDE (P1SEL2 = 0x41)
                0x0000000000000027                PROVIDE (P1REN = 0x27)
                [!provide]                        PROVIDE (P2IN = 0x28)
                0x0000000000000029                PROVIDE (P2OUT = 0x29)
                0x000000000000002a                PROVIDE (P2DIR = 0x2a)
                0x000000000000002b                PROVIDE (P2IFG = 0x2b)
                0x000000000000002c                PROVIDE (P2IES = 0x2c)
                0x000000000000002d                PROVIDE (P2IE = 0x2d)
                0x000000000000002e                PROVIDE (P2SEL = 0x2e)
                0x0000000000000042                PROVIDE (P2SEL2 = 0x42)
                0x000000000000002f                PROVIDE (P2REN = 0x2f)
                [!provide]                        PROVIDE (P3IN = 0x18)
                0x0000000000000019                PROVIDE (P3OUT = 0x19)
                0x000000000000001a                PROVIDE (P3DIR = 0x1a)
                0x000000000000001b                PROVIDE (P3SEL = 0x1b)
                0x0000000000000043                PROVIDE (P3SEL2 = 0x43)
                0x0000000000000010                PROVIDE (P3REN = 0x10)
                [!provide]                        PROVIDE (TA0IV = 0x12e)
                0x0000000000000160                PROVIDE (TA0CTL = 0x160)
                [!provide]                        PROVIDE (TA0CCTL0 = 0x162)
                0x0000000000000164                PROVIDE (TA0CCTL1 = 0x164)
                0x0000000000000166                PROVIDE (TA0CCTL2 = 0x166)
                [!provide]                        PROVIDE (TA0R = 0x170)
                0x0000000000000172                PROVIDE (TA0CCR0 = 0x172)
                0x0000000000000174                PROVIDE (TA0CCR1 = 0x174)
                0x0000000000000176                PROVIDE (TA0CCR2 = 0x176)
                0x000000000000011e                PROVIDE (TA1IV = 0x11e)
                0x0000000000000180                PROVIDE (TA1CTL = 0x180)
                0x0000000000000182                PROVIDE (TA1CCTL0 = 0x182)
                [!provide]                        PROVIDE (TA1CCTL1 = 0x184)
                0x0000000000000186                PROVIDE (TA1CCTL2 = 0x186)
                0x0000000000000190                PROVIDE (TA1R = 0x190)
                0x0000000000000192                PROVIDE (TA1CCR0 = 0x192)
                [!provide]                        PROVIDE (TA1CCR1 = 0x194)
                0x0000000000000196                PROVIDE (TA1CCR2 = 0x196)
                0x0000000000000060                PROVIDE (UCA0CTL0 = 0x60)
                0x0000000000000061                PROVIDE (UCA0CTL1 = 0x61)
                0x0000000000000062                PROVIDE (UCA0BR0 = 0x62)
                0x0000000000000063                PROVIDE (UCA0BR1 = 0x63)
                0x0000000000000064                PROVIDE (UCA0MCTL = 0x64)
                [!provide]                        PROVIDE (UCA0STAT = 0x65)
                [!provide]                        PROVIDE (UCA0RXBUF = 0x66)
                0x0000000000000067                PROVIDE (UCA0TXBUF = 0x67)
                [!provide]                        PROVIDE (UCA0ABCTL = 0x5d)
                [!provide]                        PROVIDE (UCA0IRTCTL = 0x5e)
                [!provide]                        PROVIDE (UCA0IRRCTL = 0x5f)
                [!provide]                        PROVIDE (UCB0CTL0 = 0x68)
                [!provide]                        PROVIDE (UCB0CTL1 = 0x69)
                [!provide]                        PROVIDE (UCB0BR0 = 0x6a)
                [!provide]                        PROVIDE (UCB0BR1 = 0x6b)
                [!provide]                        PROVIDE (UCB0I2CIE = 0x6c)
                [!provide]                        PROVIDE (UCB0STAT = 0x6d)
                [!provide]                        PROVIDE (UCB0RXBUF = 0x6e)
                [!provide]                        PROVIDE (UCB0TXBUF = 0x6f)
                [!provide]                        PROVIDE (UCB0I2COA = 0x118)
                [!provide]                        PROVIDE (UCB0I2CSA = 0x11a)
                0x0000000000000120                PROVIDE (WDTCTL = 0x120)
                0x00000000000010f8                PROVIDE (CALDCO_16MHZ = 0x10f8)
                0x00000000000010f9                PROVIDE (CALBC1_16MHZ = 0x10f9)
                [!provide]                        PROVIDE (CALDCO_12MHZ = 0x10fa)
                [!provide]                        PROVIDE (CALBC1_12MHZ = 0x10fb)
                [!provide]                        PROVIDE (CALDCO_8MHZ = 0x10fc)
                [!provide]                        PROVIDE (CALBC1_8MHZ = 0x10fd)
                [!provide]                        PROVIDE (CALDCO_1MHZ = 0x10fe)
                [!provide]                        PROVIDE (CALBC1_1MHZ = 0x10ff)
                [!provide]                        PROVIDE (TLV_CHECKSUM = 0x10c0)
                [!provide]                        PROVIDE (TLV_DCO_30_TAG = 0x10f6)
                [!provide]                        PROVIDE (TLV_DCO_30_LEN = 0x10f7)
                [!provide]                        PROVIDE (TLV_ADC10_1_TAG = 0x10da)
                [!provide]                        PROVIDE (TLV_ADC10_1_LEN = 0x10db)
LOAD /home/rene/tools/msp430-gcc/bin/../lib/gcc/msp430-elf/9.3.1/430/libgcc.a
LOAD /home/rene/tools/msp430-gcc/bin/../lib/gcc/msp430-elf/9.3.1/430/crtend_no_eh.o
LOAD /home/rene/tools/msp430-gcc/bin/../lib/gcc/msp430-elf/9.3.1/430/libgcc.a
OUTPUT(build/bin/robo_sumo elf32-msp430)
