Archive member included to satisfy reference by file (symbol)

/home/rene/tools/msp430-gcc/bin/../lib/gcc/msp430-elf/9.3.1/430/libgcc.a(lib2divSI.o)
                              external/printf/printf.o (__mspabi_divul)
/home/rene/tools/msp430-gcc/bin/../lib/gcc/msp430-elf/9.3.1/430/libgcc.a(epilogue.o)
                              external/printf/printf.o (__mspabi_func_epilog_7)
/home/rene/tools/msp430-gcc/bin/../lib/gcc/msp430-elf/9.3.1/430/libgcc.a(slli.o)
                              build/obj/drivers/vl53l0x.o (__mspabi_slli)
/home/rene/tools/msp430-gcc/bin/../lib/gcc/msp430-elf/9.3.1/430/libgcc.a(srai.o)
                              build/obj/drivers/pwm.o (__mspabi_srai_15)
/home/rene/tools/msp430-gcc/bin/../lib/gcc/msp430-elf/9.3.1/430/libgcc.a(srli.o)
                              build/obj/drivers/vl53l0x.o (__mspabi_srli_15)
/home/rene/tools/msp430-gcc/bin/../lib/gcc/msp430-elf/9.3.1/430/libgcc.a(_udivdi3.o)
                              /home/rene/tools/msp430-gcc/bin/../lib/gcc/msp430-elf/9.3.1/430/libgcc.a(lib2divSI.o) (__mspabi_divull)
/home/rene/tools/msp430-gcc/bin/../lib/gcc/msp430-elf/9.3.1/430/libgcc.a(_clzdi2.o)
                              /home/rene/tools/msp430-gcc/bin/../lib/gcc/msp430-elf/9.3.1/430/libgcc.a(_udivdi3.o) (__clzdi2)
/home/rene/tools/msp430-gcc/bin/../lib/gcc/msp430-elf/9.3.1/430/libgcc.a(_clz.o)
                              /home/rene/tools/msp430-gcc/bin/../lib/gcc/msp430-elf/9.3.1/430/libgcc.a(_clzdi2.o) (__clz_tab)
/home/rene/tools/msp430-gcc/bin/../lib/gcc/msp430-elf/9.3.1/430/libmul_none.a(mpy.o)
                              build/obj/common/ring_buffer.o (__mspabi_mpyi)
/home/rene/tools/msp430-gcc/bin/../lib/gcc/msp430-elf/9.3.1/../../../../msp430-elf/lib/430/libc.a(lib_a-memcpy.o)
                              build/obj/drivers/vl53l0x.o (memcpy)
/home/rene/tools/msp430-gcc/bin/../lib/gcc/msp430-elf/9.3.1/../../../../msp430-elf/lib/430/libcrt.a(crt_bss.o)
                              build/obj/drivers/vl53l0x.o (__crt0_init_bss)
/home/rene/tools/msp430-gcc/bin/../lib/gcc/msp430-elf/9.3.1/../../../../msp430-elf/lib/430/libcrt.a(crt_movedata.o)
                              build/obj/drivers/vl53l0x.o (__crt0_movedata)
/home/rene/tools/msp430-gcc/bin/../lib/gcc/msp430-elf/9.3.1/../../../../msp430-elf/lib/430/libcrt.a(crt_main.o)
                              /home/rene/tools/msp430-gcc/bin/../lib/gcc/msp430-elf/9.3.1/../../../../msp430-elf/lib/430/crt0.o (__crt0_call_main)
/home/rene/tools/msp430-gcc/bin/../lib/gcc/msp430-elf/9.3.1/../../../../msp430-elf/lib/430/libc.a(lib_a-memmove.o)
                              /home/rene/tools/msp430-gcc/bin/../lib/gcc/msp430-elf/9.3.1/../../../../msp430-elf/lib/430/libcrt.a(crt_movedata.o) (memmove)
/home/rene/tools/msp430-gcc/bin/../lib/gcc/msp430-elf/9.3.1/../../../../msp430-elf/lib/430/libc.a(lib_a-memset.o)
                              /home/rene/tools/msp430-gcc/bin/../lib/gcc/msp430-elf/9.3.1/../../../../msp430-elf/lib/430/libcrt.a(crt_bss.o) (memset)

Discarded input sections

 .text          0x0000000000000000        0x0 /home/rene/tools/msp430-gcc/bin/../lib/gcc/msp430-elf/9.3.1/../../../../msp430-elf/lib/430/crt0.o
 .data          0x0000000000000000        0x0 /home/rene/tools/msp430-gcc/bin/../lib/gcc/msp430-elf/9.3.1/../../../../msp430-elf/lib/430/crt0.o
 .bss           0x0000000000000000        0x0 /home/rene/tools/msp430-gcc/bin/../lib/gcc/msp430-elf/9.3.1/../../../../msp430-elf/lib/430/crt0.o
 .text          0x0000000000000000        0x0 /home/rene/tools/msp430-gcc/bin/../lib/gcc/msp430-elf/9.3.1/430/crtbegin_no_eh.o
 .data          0x0000000000000000        0x0 /home/rene/tools/msp430-gcc/bin/../lib/gcc/msp430-elf/9.3.1/430/crtbegin_no_eh.o
 .bss           0x0000000000000000        0x0 /home/rene/tools/msp430-gcc/bin/../lib/gcc/msp430-elf/9.3.1/430/crtbegin_no_eh.o
 .comment       0x0000000000000000       0x3a /home/rene/tools/msp430-gcc/bin/../lib/gcc/msp430-elf/9.3.1/430/crtbegin_no_eh.o
 .text          0x0000000000000000        0x0 build/obj/test/t_led_test.o
 .data          0x0000000000000000        0x0 build/obj/test/t_led_test.o
 .bss           0x0000000000000000        0x0 build/obj/test/t_led_test.o
 .debug_info    0x0000000000000000      0x564 build/obj/test/t_led_test.o
 .debug_abbrev  0x0000000000000000       0x66 build/obj/test/t_led_test.o
 .debug_aranges
                0x0000000000000000       0x18 build/obj/test/t_led_test.o
 .debug_line    0x0000000000000000       0x6b build/obj/test/t_led_test.o
 .debug_str     0x0000000000000000      0x47f build/obj/test/t_led_test.o
 .comment       0x0000000000000000       0x3a build/obj/test/t_led_test.o
 .data          0x0000000000000000        0x0 build/obj/main.o
 .bss           0x0000000000000000        0x0 build/obj/main.o
 .data          0x0000000000000000        0x0 build/obj/drivers/i2c.o
 .bss           0x0000000000000000        0x0 build/obj/drivers/i2c.o
 .data          0x0000000000000000        0x0 build/obj/drivers/io.o
 .data          0x0000000000000000        0x0 build/obj/drivers/tb6612fng.o
 .bss           0x0000000000000000        0x0 build/obj/drivers/tb6612fng.o
 .data          0x0000000000000000        0x0 build/obj/drivers/pwm_both_timers.o
 .text          0x0000000000000000      0x1e6 build/obj/drivers/ir_remote.o
 .data          0x0000000000000000        0x8 build/obj/drivers/ir_remote.o
 .bss           0x0000000000000000       0x12 build/obj/drivers/ir_remote.o
 .debug_frame   0x0000000000000000       0xac build/obj/drivers/ir_remote.o
 .debug_info    0x0000000000000000      0xabf build/obj/drivers/ir_remote.o
 .debug_abbrev  0x0000000000000000      0x251 build/obj/drivers/ir_remote.o
 .debug_loc     0x0000000000000000       0xd2 build/obj/drivers/ir_remote.o
 .debug_aranges
                0x0000000000000000       0x20 build/obj/drivers/ir_remote.o
 .debug_ranges  0x0000000000000000       0x38 build/obj/drivers/ir_remote.o
 .debug_line    0x0000000000000000      0x49d build/obj/drivers/ir_remote.o
 .debug_str     0x0000000000000000      0x8b0 build/obj/drivers/ir_remote.o
 .comment       0x0000000000000000       0x3a build/obj/drivers/ir_remote.o
 .text          0x0000000000000000      0x122 build/obj/drivers/pwm.o
 .data          0x0000000000000000        0xc build/obj/drivers/pwm.o
 .bss           0x0000000000000000        0x1 build/obj/drivers/pwm.o
 .debug_frame   0x0000000000000000       0x9c build/obj/drivers/pwm.o
 .debug_info    0x0000000000000000      0x7ff build/obj/drivers/pwm.o
 .debug_abbrev  0x0000000000000000      0x22e build/obj/drivers/pwm.o
 .debug_loc     0x0000000000000000      0x166 build/obj/drivers/pwm.o
 .debug_aranges
                0x0000000000000000       0x20 build/obj/drivers/pwm.o
 .debug_ranges  0x0000000000000000       0x18 build/obj/drivers/pwm.o
 .debug_line    0x0000000000000000      0x3c3 build/obj/drivers/pwm.o
 .debug_str     0x0000000000000000      0x5d5 build/obj/drivers/pwm.o
 .comment       0x0000000000000000       0x3a build/obj/drivers/pwm.o
 .data          0x0000000000000000        0x0 build/obj/drivers/mcu_init.o
 .bss           0x0000000000000000        0x0 build/obj/drivers/mcu_init.o
 .data          0x0000000000000000        0x0 build/obj/common/ring_buffer.o
 .bss           0x0000000000000000        0x0 build/obj/common/ring_buffer.o
 .data          0x0000000000000000        0x0 build/obj/common/trace.o
 .bss           0x0000000000000000        0x0 build/obj/common/trace.o
 .text          0x0000000000000000      0x1a6 build/obj/common/assert_handler.o
 .data          0x0000000000000000        0x0 build/obj/common/assert_handler.o
 .bss           0x0000000000000000        0x0 build/obj/common/assert_handler.o
 .rodata.str1.1
                0x0000000000000000        0xd build/obj/common/assert_handler.o
 .debug_frame   0x0000000000000000       0x80 build/obj/common/assert_handler.o
 .debug_info    0x0000000000000000      0x6a9 build/obj/common/assert_handler.o
 .debug_abbrev  0x0000000000000000      0x13d build/obj/common/assert_handler.o
 .debug_loc     0x0000000000000000       0x4a build/obj/common/assert_handler.o
 .debug_aranges
                0x0000000000000000       0x20 build/obj/common/assert_handler.o
 .debug_line    0x0000000000000000      0x405 build/obj/common/assert_handler.o
 .debug_str     0x0000000000000000      0x529 build/obj/common/assert_handler.o
 .comment       0x0000000000000000       0x3a build/obj/common/assert_handler.o
 .text          0x0000000000000000        0x0 build/obj/app/enemy.o
 .data          0x0000000000000000        0x0 build/obj/app/enemy.o
 .bss           0x0000000000000000        0x0 build/obj/app/enemy.o
 .debug_line    0x0000000000000000        0x0 build/obj/app/enemy.o
 .debug_str     0x0000000000000000       0xc6 build/obj/app/enemy.o
 .comment       0x0000000000000000       0x3a build/obj/app/enemy.o
 .data          0x0000000000000000        0x0 build/obj/app/drive.o
 .bss           0x0000000000000000        0x0 build/obj/app/drive.o
 .data          0x0000000000000000        0x0 external/printf/printf.o
 .bss           0x0000000000000000        0x0 external/printf/printf.o
 .text          0x0000000000000000        0x4 /home/rene/tools/msp430-gcc/bin/../lib/gcc/msp430-elf/9.3.1/430/libgcc.a(lib2divSI.o)
 .data          0x0000000000000000        0x0 /home/rene/tools/msp430-gcc/bin/../lib/gcc/msp430-elf/9.3.1/430/libgcc.a(lib2divSI.o)
 .bss           0x0000000000000000        0x0 /home/rene/tools/msp430-gcc/bin/../lib/gcc/msp430-elf/9.3.1/430/libgcc.a(lib2divSI.o)
 .text.__divsi3
                0x0000000000000000       0x4c /home/rene/tools/msp430-gcc/bin/../lib/gcc/msp430-elf/9.3.1/430/libgcc.a(lib2divSI.o)
 .text.__modsi3
                0x0000000000000000       0x62 /home/rene/tools/msp430-gcc/bin/../lib/gcc/msp430-elf/9.3.1/430/libgcc.a(lib2divSI.o)
 .data          0x0000000000000000        0x0 /home/rene/tools/msp430-gcc/bin/../lib/gcc/msp430-elf/9.3.1/430/libgcc.a(epilogue.o)
 .bss           0x0000000000000000        0x0 /home/rene/tools/msp430-gcc/bin/../lib/gcc/msp430-elf/9.3.1/430/libgcc.a(epilogue.o)
 .text          0x0000000000000000        0x0 /home/rene/tools/msp430-gcc/bin/../lib/gcc/msp430-elf/9.3.1/430/libgcc.a(slli.o)
 .data          0x0000000000000000        0x0 /home/rene/tools/msp430-gcc/bin/../lib/gcc/msp430-elf/9.3.1/430/libgcc.a(slli.o)
 .bss           0x0000000000000000        0x0 /home/rene/tools/msp430-gcc/bin/../lib/gcc/msp430-elf/9.3.1/430/libgcc.a(slli.o)
 .text.__mspabi_slli_n
                0x0000000000000000       0x20 /home/rene/tools/msp430-gcc/bin/../lib/gcc/msp430-elf/9.3.1/430/libgcc.a(slli.o)
 .text.__mspabi_slll_n
                0x0000000000000000       0x3e /home/rene/tools/msp430-gcc/bin/../lib/gcc/msp430-elf/9.3.1/430/libgcc.a(slli.o)
 .text.__mspabi_slll
                0x0000000000000000        0xc /home/rene/tools/msp430-gcc/bin/../lib/gcc/msp430-elf/9.3.1/430/libgcc.a(slli.o)
 .text.__mspabi_sllll
                0x0000000000000000       0x1e /home/rene/tools/msp430-gcc/bin/../lib/gcc/msp430-elf/9.3.1/430/libgcc.a(slli.o)
 .text          0x0000000000000000        0x0 /home/rene/tools/msp430-gcc/bin/../lib/gcc/msp430-elf/9.3.1/430/libgcc.a(srai.o)
 .data          0x0000000000000000        0x0 /home/rene/tools/msp430-gcc/bin/../lib/gcc/msp430-elf/9.3.1/430/libgcc.a(srai.o)
 .bss           0x0000000000000000        0x0 /home/rene/tools/msp430-gcc/bin/../lib/gcc/msp430-elf/9.3.1/430/libgcc.a(srai.o)
 .text.__mspabi_sral_n
                0x0000000000000000       0x3e /home/rene/tools/msp430-gcc/bin/../lib/gcc/msp430-elf/9.3.1/430/libgcc.a(srai.o)
 .text.__mspabi_srall
                0x0000000000000000       0x1e /home/rene/tools/msp430-gcc/bin/../lib/gcc/msp430-elf/9.3.1/430/libgcc.a(srai.o)
 .text          0x0000000000000000        0x0 /home/rene/tools/msp430-gcc/bin/../lib/gcc/msp430-elf/9.3.1/430/libgcc.a(srli.o)
 .data          0x0000000000000000        0x0 /home/rene/tools/msp430-gcc/bin/../lib/gcc/msp430-elf/9.3.1/430/libgcc.a(srli.o)
 .bss           0x0000000000000000        0x0 /home/rene/tools/msp430-gcc/bin/../lib/gcc/msp430-elf/9.3.1/430/libgcc.a(srli.o)
 .text.__mspabi_srli
                0x0000000000000000        0xc /home/rene/tools/msp430-gcc/bin/../lib/gcc/msp430-elf/9.3.1/430/libgcc.a(srli.o)
 .text.__mspabi_srll
                0x0000000000000000        0xe /home/rene/tools/msp430-gcc/bin/../lib/gcc/msp430-elf/9.3.1/430/libgcc.a(srli.o)
 .text.__mspabi_srlll
                0x0000000000000000       0x20 /home/rene/tools/msp430-gcc/bin/../lib/gcc/msp430-elf/9.3.1/430/libgcc.a(srli.o)
 .text          0x0000000000000000        0x0 /home/rene/tools/msp430-gcc/bin/../lib/gcc/msp430-elf/9.3.1/430/libgcc.a(_udivdi3.o)
 .data          0x0000000000000000        0x0 /home/rene/tools/msp430-gcc/bin/../lib/gcc/msp430-elf/9.3.1/430/libgcc.a(_udivdi3.o)
 .bss           0x0000000000000000        0x0 /home/rene/tools/msp430-gcc/bin/../lib/gcc/msp430-elf/9.3.1/430/libgcc.a(_udivdi3.o)
 .text.__udivdi3
                0x0000000000000000      0x404 /home/rene/tools/msp430-gcc/bin/../lib/gcc/msp430-elf/9.3.1/430/libgcc.a(_udivdi3.o)
 .text          0x0000000000000000        0x0 /home/rene/tools/msp430-gcc/bin/../lib/gcc/msp430-elf/9.3.1/430/libgcc.a(_clzdi2.o)
 .data          0x0000000000000000        0x0 /home/rene/tools/msp430-gcc/bin/../lib/gcc/msp430-elf/9.3.1/430/libgcc.a(_clzdi2.o)
 .bss           0x0000000000000000        0x0 /home/rene/tools/msp430-gcc/bin/../lib/gcc/msp430-elf/9.3.1/430/libgcc.a(_clzdi2.o)
 .text.__clzdi2
                0x0000000000000000       0x64 /home/rene/tools/msp430-gcc/bin/../lib/gcc/msp430-elf/9.3.1/430/libgcc.a(_clzdi2.o)
 .comment       0x0000000000000000       0x3a /home/rene/tools/msp430-gcc/bin/../lib/gcc/msp430-elf/9.3.1/430/libgcc.a(_clzdi2.o)
 .text          0x0000000000000000        0x0 /home/rene/tools/msp430-gcc/bin/../lib/gcc/msp430-elf/9.3.1/430/libgcc.a(_clz.o)
 .data          0x0000000000000000        0x0 /home/rene/tools/msp430-gcc/bin/../lib/gcc/msp430-elf/9.3.1/430/libgcc.a(_clz.o)
 .bss           0x0000000000000000        0x0 /home/rene/tools/msp430-gcc/bin/../lib/gcc/msp430-elf/9.3.1/430/libgcc.a(_clz.o)
 .rodata.__clz_tab
                0x0000000000000000      0x100 /home/rene/tools/msp430-gcc/bin/../lib/gcc/msp430-elf/9.3.1/430/libgcc.a(_clz.o)
 .comment       0x0000000000000000       0x3a /home/rene/tools/msp430-gcc/bin/../lib/gcc/msp430-elf/9.3.1/430/libgcc.a(_clz.o)
 .text          0x0000000000000000        0x0 /home/rene/tools/msp430-gcc/bin/../lib/gcc/msp430-elf/9.3.1/430/libmul_none.a(mpy.o)
 .data          0x0000000000000000        0x0 /home/rene/tools/msp430-gcc/bin/../lib/gcc/msp430-elf/9.3.1/430/libmul_none.a(mpy.o)
 .bss           0x0000000000000000        0x0 /home/rene/tools/msp430-gcc/bin/../lib/gcc/msp430-elf/9.3.1/430/libmul_none.a(mpy.o)
 .text          0x0000000000000000        0x0 /home/rene/tools/msp430-gcc/bin/../lib/gcc/msp430-elf/9.3.1/../../../../msp430-elf/lib/430/libc.a(lib_a-memcpy.o)
 .data          0x0000000000000000        0x0 /home/rene/tools/msp430-gcc/bin/../lib/gcc/msp430-elf/9.3.1/../../../../msp430-elf/lib/430/libc.a(lib_a-memcpy.o)
 .bss           0x0000000000000000        0x0 /home/rene/tools/msp430-gcc/bin/../lib/gcc/msp430-elf/9.3.1/../../../../msp430-elf/lib/430/libc.a(lib_a-memcpy.o)
 .text          0x0000000000000000        0x0 /home/rene/tools/msp430-gcc/bin/../lib/gcc/msp430-elf/9.3.1/../../../../msp430-elf/lib/430/libcrt.a(crt_bss.o)
 .data          0x0000000000000000        0x0 /home/rene/tools/msp430-gcc/bin/../lib/gcc/msp430-elf/9.3.1/../../../../msp430-elf/lib/430/libcrt.a(crt_bss.o)
 .bss           0x0000000000000000        0x0 /home/rene/tools/msp430-gcc/bin/../lib/gcc/msp430-elf/9.3.1/../../../../msp430-elf/lib/430/libcrt.a(crt_bss.o)
 .text          0x0000000000000000        0x0 /home/rene/tools/msp430-gcc/bin/../lib/gcc/msp430-elf/9.3.1/../../../../msp430-elf/lib/430/libcrt.a(crt_movedata.o)
 .data          0x0000000000000000        0x0 /home/rene/tools/msp430-gcc/bin/../lib/gcc/msp430-elf/9.3.1/../../../../msp430-elf/lib/430/libcrt.a(crt_movedata.o)
 .bss           0x0000000000000000        0x0 /home/rene/tools/msp430-gcc/bin/../lib/gcc/msp430-elf/9.3.1/../../../../msp430-elf/lib/430/libcrt.a(crt_movedata.o)
 .text          0x0000000000000000        0x0 /home/rene/tools/msp430-gcc/bin/../lib/gcc/msp430-elf/9.3.1/../../../../msp430-elf/lib/430/libcrt.a(crt_main.o)
 .data          0x0000000000000000        0x0 /home/rene/tools/msp430-gcc/bin/../lib/gcc/msp430-elf/9.3.1/../../../../msp430-elf/lib/430/libcrt.a(crt_main.o)
 .bss           0x0000000000000000        0x0 /home/rene/tools/msp430-gcc/bin/../lib/gcc/msp430-elf/9.3.1/../../../../msp430-elf/lib/430/libcrt.a(crt_main.o)
 .text          0x0000000000000000        0x0 /home/rene/tools/msp430-gcc/bin/../lib/gcc/msp430-elf/9.3.1/../../../../msp430-elf/lib/430/libc.a(lib_a-memmove.o)
 .data          0x0000000000000000        0x0 /home/rene/tools/msp430-gcc/bin/../lib/gcc/msp430-elf/9.3.1/../../../../msp430-elf/lib/430/libc.a(lib_a-memmove.o)
 .bss           0x0000000000000000        0x0 /home/rene/tools/msp430-gcc/bin/../lib/gcc/msp430-elf/9.3.1/../../../../msp430-elf/lib/430/libc.a(lib_a-memmove.o)
 .text          0x0000000000000000        0x0 /home/rene/tools/msp430-gcc/bin/../lib/gcc/msp430-elf/9.3.1/../../../../msp430-elf/lib/430/libc.a(lib_a-memset.o)
 .data          0x0000000000000000        0x0 /home/rene/tools/msp430-gcc/bin/../lib/gcc/msp430-elf/9.3.1/../../../../msp430-elf/lib/430/libc.a(lib_a-memset.o)
 .bss           0x0000000000000000        0x0 /home/rene/tools/msp430-gcc/bin/../lib/gcc/msp430-elf/9.3.1/../../../../msp430-elf/lib/430/libc.a(lib_a-memset.o)
 .text          0x0000000000000000        0x0 /home/rene/tools/msp430-gcc/bin/../lib/gcc/msp430-elf/9.3.1/430/crtend_no_eh.o
 .data          0x0000000000000000        0x0 /home/rene/tools/msp430-gcc/bin/../lib/gcc/msp430-elf/9.3.1/430/crtend_no_eh.o
 .bss           0x0000000000000000        0x0 /home/rene/tools/msp430-gcc/bin/../lib/gcc/msp430-elf/9.3.1/430/crtend_no_eh.o
 .comment       0x0000000000000000       0x3a /home/rene/tools/msp430-gcc/bin/../lib/gcc/msp430-elf/9.3.1/430/crtend_no_eh.o

Memory Configuration

Name             Origin             Length             Attributes
SFR              0x0000000000000000 0x0000000000000010
RAM              0x0000000000000200 0x0000000000000200
INFOMEM          0x0000000000001000 0x0000000000000100
INFOA            0x00000000000010c0 0x0000000000000040
INFOB            0x0000000000001080 0x0000000000000040
INFOC            0x0000000000001040 0x0000000000000040
INFOD            0x0000000000001000 0x0000000000000040
ROM              0x000000000000c000 0x0000000000003fde xr
BSLSIGNATURE     0x000000000000ffde 0x0000000000000002
VECT1            0x000000000000ffe0 0x0000000000000002
VECT2            0x000000000000ffe2 0x0000000000000002
VECT3            0x000000000000ffe4 0x0000000000000002
VECT4            0x000000000000ffe6 0x0000000000000002
VECT5            0x000000000000ffe8 0x0000000000000002
VECT6            0x000000000000ffea 0x0000000000000002
VECT7            0x000000000000ffec 0x0000000000000002
VECT8            0x000000000000ffee 0x0000000000000002
VECT9            0x000000000000fff0 0x0000000000000002
VECT10           0x000000000000fff2 0x0000000000000002
VECT11           0x000000000000fff4 0x0000000000000002
VECT12           0x000000000000fff6 0x0000000000000002
VECT13           0x000000000000fff8 0x0000000000000002
VECT14           0x000000000000fffa 0x0000000000000002
VECT15           0x000000000000fffc 0x0000000000000002
RESETVEC         0x000000000000fffe 0x0000000000000002
*default*        0x0000000000000000 0xffffffffffffffff

Linker script and memory map

LOAD /home/rene/tools/msp430-gcc/bin/../lib/gcc/msp430-elf/9.3.1/../../../../msp430-elf/lib/430/crt0.o
LOAD /home/rene/tools/msp430-gcc/bin/../lib/gcc/msp430-elf/9.3.1/430/crtbegin_no_eh.o
LOAD build/obj/test/t_led_test.o
LOAD build/obj/main.o
LOAD build/obj/drivers/i2c.o
LOAD build/obj/drivers/vl53l0x.o
LOAD build/obj/drivers/io.o
LOAD build/obj/drivers/tb6612fng.o
LOAD build/obj/drivers/pwm_both_timers.o
LOAD build/obj/drivers/ir_remote_ta1.o
LOAD build/obj/drivers/ir_remote.o
LOAD build/obj/drivers/uart.o
LOAD build/obj/drivers/pwm.o
LOAD build/obj/drivers/mcu_init.o
LOAD build/obj/common/ring_buffer.o
LOAD build/obj/common/trace.o
LOAD build/obj/common/assert_handler.o
LOAD build/obj/app/enemy.o
LOAD build/obj/app/drive.o
LOAD external/printf/printf.o
LOAD /home/rene/tools/msp430-gcc/bin/../lib/gcc/msp430-elf/9.3.1/430/libgcc.a
START GROUP
LOAD /home/rene/tools/msp430-gcc/bin/../lib/gcc/msp430-elf/9.3.1/430/libmul_none.a
LOAD /home/rene/tools/msp430-gcc/bin/../lib/gcc/msp430-elf/9.3.1/../../../../msp430-elf/lib/430/libc.a
LOAD /home/rene/tools/msp430-gcc/bin/../lib/gcc/msp430-elf/9.3.1/430/libgcc.a
LOAD /home/rene/tools/msp430-gcc/bin/../lib/gcc/msp430-elf/9.3.1/../../../../msp430-elf/lib/430/libcrt.a
LOAD /home/rene/tools/msp430-gcc/bin/../lib/gcc/msp430-elf/9.3.1/../../../../msp430-elf/lib/430/libnosys.a
END GROUP

.bslsignature

__interrupt_vector_1
 *(__interrupt_vector_1)
 *(__interrupt_vector_trapint)

__interrupt_vector_2
 *(__interrupt_vector_2)

__interrupt_vector_3
                0x000000000000ffe4        0x2
 *(__interrupt_vector_3)
 __interrupt_vector_3
                0x000000000000ffe4        0x2 build/obj/drivers/io.o
 *(__interrupt_vector_port1)

__interrupt_vector_4
                0x000000000000ffe6        0x2
 *(__interrupt_vector_4)
 __interrupt_vector_4
                0x000000000000ffe6        0x2 build/obj/drivers/io.o
 *(__interrupt_vector_port2)

__interrupt_vector_5
 *(__interrupt_vector_5)

__interrupt_vector_6
 *(__interrupt_vector_6)
 *(__interrupt_vector_adc10)

__interrupt_vector_7
                0x000000000000ffec        0x2
 *(__interrupt_vector_7)
 __interrupt_vector_7
                0x000000000000ffec        0x2 build/obj/drivers/uart.o
 *(__interrupt_vector_usciab0tx)

__interrupt_vector_8
 *(__interrupt_vector_8)
 *(__interrupt_vector_usciab0rx)

__interrupt_vector_9
 *(__interrupt_vector_9)
 *(__interrupt_vector_timer0_a1)

__interrupt_vector_10
 *(__interrupt_vector_10)
 *(__interrupt_vector_timer0_a0)

__interrupt_vector_11
 *(__interrupt_vector_11)
 *(__interrupt_vector_wdt)

__interrupt_vector_12
 *(__interrupt_vector_12)
 *(__interrupt_vector_comparatora)

__interrupt_vector_13
                0x000000000000fff8        0x2
 *(__interrupt_vector_13)
 __interrupt_vector_13
                0x000000000000fff8        0x2 build/obj/drivers/ir_remote_ta1.o
 *(__interrupt_vector_timer1_a1)

__interrupt_vector_14
                0x000000000000fffa        0x2
 *(__interrupt_vector_14)
 __interrupt_vector_14
                0x000000000000fffa        0x2 build/obj/drivers/pwm_both_timers.o
 *(__interrupt_vector_timer1_a0)

__interrupt_vector_15
 *(__interrupt_vector_15)
 *(__interrupt_vector_nmi)

__reset_vector  0x000000000000fffe        0x2
 *(__interrupt_vector_16)
 *(__interrupt_vector_reset)
 *(.resetvec)
 .resetvec      0x000000000000fffe        0x2 /home/rene/tools/msp430-gcc/bin/../lib/gcc/msp430-elf/9.3.1/../../../../msp430-elf/lib/430/crt0.o

.rodata         0x000000000000c000      0x484
                0x000000000000c000                . = ALIGN (0x2)
 *(.plt)
 *(.rodata .rodata.* .gnu.linkonce.r.* .const .const:*)
 .rodata.str1.1
                0x000000000000c000      0x1e0 build/obj/main.o
 .rodata        0x000000000000c1e0       0xa4 build/obj/drivers/vl53l0x.o
 .rodata        0x000000000000c284       0xa0 build/obj/drivers/io.o
 .rodata        0x000000000000c324        0x8 build/obj/drivers/tb6612fng.o
 .rodata        0x000000000000c32c       0x18 build/obj/drivers/pwm_both_timers.o
 .rodata.str1.1
                0x000000000000c344       0xb0 build/obj/drivers/ir_remote_ta1.o
 .rodata        0x000000000000c3f4       0x90 build/obj/app/drive.o
 *(.rodata1)
 *(.gcc_except_table)
 *(.gcc_except_table.*)

.rodata2        0x000000000000c484       0x6e
                0x000000000000c484                . = ALIGN (0x2)
                [!provide]                        PROVIDE (__preinit_array_start = .)
 *(.preinit_array)
                [!provide]                        PROVIDE (__preinit_array_end = .)
                0x000000000000c484                . = ALIGN (0x2)
                [!provide]                        PROVIDE (__init_array_start = .)
 *(SORT_BY_NAME(.init_array.*))
 *(.init_array)
                [!provide]                        PROVIDE (__init_array_end = .)
                0x000000000000c484                . = ALIGN (0x2)
                [!provide]                        PROVIDE (__fini_array_start = .)
 *(.fini_array)
 *(SORT_BY_NAME(.fini_array.*))
                [!provide]                        PROVIDE (__fini_array_end = .)
                0x000000000000c484                . = ALIGN (0x2)
 *(.eh_frame_hdr)
 *(.eh_frame)
 .eh_frame      0x000000000000c484       0x6e /home/rene/tools/msp430-gcc/bin/../lib/gcc/msp430-elf/9.3.1/430/libgcc.a(_udivdi3.o)
 *crtbegin*.o(.ctors)
 *(EXCLUDE_FILE(*crtend*.o) .ctors)
 *(SORT_BY_NAME(.ctors.*))
 *(.ctors)
 *crtbegin*.o(.dtors)
 *(EXCLUDE_FILE(*crtend*.o) .dtors)
 *(SORT_BY_NAME(.dtors.*))
 *(.dtors)

.text           0x000000000000c4f4     0x28e8
                0x000000000000c4f4                . = ALIGN (0x2)
                0x000000000000c4f4                PROVIDE (_start = .)
 *(SORT_BY_NAME(.crt_*))
 .crt_0000start
                0x000000000000c4f4        0x4 /home/rene/tools/msp430-gcc/bin/../lib/gcc/msp430-elf/9.3.1/../../../../msp430-elf/lib/430/crt0.o
                0x000000000000c4f4                __crt0_start
 .crt_0100init_bss
                0x000000000000c4f8        0xe /home/rene/tools/msp430-gcc/bin/../lib/gcc/msp430-elf/9.3.1/../../../../msp430-elf/lib/430/libcrt.a(crt_bss.o)
                0x000000000000c4f8                __crt0_init_bss
 .crt_0300movedata
                0x000000000000c506       0x14 /home/rene/tools/msp430-gcc/bin/../lib/gcc/msp430-elf/9.3.1/../../../../msp430-elf/lib/430/libcrt.a(crt_movedata.o)
                0x000000000000c506                __crt0_movedata
 .crt_0800call_main
                0x000000000000c51a        0x6 /home/rene/tools/msp430-gcc/bin/../lib/gcc/msp430-elf/9.3.1/../../../../msp430-elf/lib/430/libcrt.a(crt_main.o)
                0x000000000000c51a                __crt0_call_main
 *(.lowtext .text .stub .text.* .gnu.linkonce.t.* .text:*)
 .text          0x000000000000c520      0x3b0 build/obj/main.o
                0x000000000000c520                isr_test_toggle_led
                0x000000000000c52a                verify_p2_muxing
                0x000000000000c5d8                ir_remote_init_ta1_2
                0x000000000000c612                test_driver
                0x000000000000c74a                test_vlx
                0x000000000000c800                test_i2c
                0x000000000000c8ca                main
 .text          0x000000000000c8d0      0x238 build/obj/drivers/i2c.o
                0x000000000000c9c4                i2c_stop_transfer
                0x000000000000c9ee                i2c_write
                0x000000000000ca2a                i2c_read
                0x000000000000ca72                i2c_read_addr8_data8
                0x000000000000ca8a                i2c_read_addr8_data16
                0x000000000000caa2                i2c_read_addr8_data32
                0x000000000000caba                i2c_write_addr8_data8
                0x000000000000cad6                i2c_set_slave_address
                0x000000000000cae0                i2c_init
 .text          0x000000000000cb08      0x8e6 build/obj/drivers/vl53l0x.o
                0x000000000000d2f2                vl53l0x_read_range_single
                0x000000000000d310                vl53l0x_start_measuring_multiple
                0x000000000000d328                vl53l0x_read_range_multiple
                0x000000000000d3cc                vl53l0x_init
 .text          0x000000000000d3ee      0x438 build/obj/drivers/io.o
                0x000000000000d49c                io_set_select
                0x000000000000d51c                io_set_direction
                0x000000000000d556                io_set_resistor
                0x000000000000d590                io_set_out
                0x000000000000d5ca                io_configure
                0x000000000000d5fa                io_init
                0x000000000000d620                io_get_input
                0x000000000000d624                io_get_current_config
                0x000000000000d6c6                io_config_compare
                0x000000000000d6f8                io_enable_interrupt
                0x000000000000d71a                io_disable_interrupt
                0x000000000000d78a                io_configure_interrupt
                0x000000000000d7a2                io_deconfigure_interrupt
                0x000000000000d7ca                isr_port_1
                0x000000000000d7f8                isr_port_2
 .text          0x000000000000d826       0x7e build/obj/drivers/tb6612fng.o
                0x000000000000d826                tb6612fng_set_mode
                0x000000000000d898                tb6612fng_set_pwm
                0x000000000000d89e                tb6612fng_init
 .text          0x000000000000d8a4      0x136 build/obj/drivers/pwm_both_timers.o
                0x000000000000d91c                pwm_both_timers_set_duty_cycle
                0x000000000000d964                pwm_both_timers_init
                0x000000000000d974                isr_reset_continous_timer
 .text          0x000000000000d9da      0x278 build/obj/drivers/ir_remote_ta1.o
                0x000000000000dab0                ir_remote_init_ta1
                0x000000000000daea                ir_debug_print_log
                0x000000000000dbd0                ir_remote_get_cmd_ta1
                0x000000000000dbfc                isr_timer1_a1
 .text          0x000000000000dc52      0x13c build/obj/drivers/uart.o
                0x000000000000dcc2                isr_uart_tx
                0x000000000000dcf8                uart_init
                0x000000000000dd12                _putchar
                0x000000000000dd64                uart_init_assert
                0x000000000000dd6e                uart_trace_assert
 .text          0x000000000000dd8e       0x3c build/obj/drivers/mcu_init.o
                0x000000000000ddb8                mcu_init
 .text          0x000000000000ddca      0x166 build/obj/common/ring_buffer.o
                0x000000000000ddca                ring_buffer_get
                0x000000000000de1a                ring_buffer_put
                0x000000000000de76                ring_buffer_peek_tail
                0x000000000000de9e                ring_buffer_peek_head
                0x000000000000dedc                ring_buffer_count
                0x000000000000df10                ring_buffer_empty
                0x000000000000df2a                ring_buffer_full
 .text          0x000000000000df30       0x12 build/obj/common/trace.o
                0x000000000000df30                trace_init
                0x000000000000df36                trace
 .text          0x000000000000df42       0xb0 build/obj/app/drive.o
                0x000000000000df42                drive_set
                0x000000000000dfc2                drive_stop
                0x000000000000dfec                drive_init
 *fill*         0x000000000000dff2        0x2 
 .text          0x000000000000dff4      0xbba external/printf/printf.o
                0x000000000000eaf4                printf_
                0x000000000000eb16                sprintf_
                0x000000000000eb32                snprintf_
                0x000000000000eb4e                vprintf_
                0x000000000000eb6a                vsnprintf_
                0x000000000000eb82                fctprintf
 .text.udivmodsi4
                0x000000000000ebae       0x86 /home/rene/tools/msp430-gcc/bin/../lib/gcc/msp430-elf/9.3.1/430/libgcc.a(lib2divSI.o)
                0x000000000000ebae                udivmodsi4
 .text.__udivsi3
                0x000000000000ec34        0xe /home/rene/tools/msp430-gcc/bin/../lib/gcc/msp430-elf/9.3.1/430/libgcc.a(lib2divSI.o)
                0x000000000000ec34                __mspabi_divul
                0x000000000000ec34                __mspabi_divlu
 .text.__umodsi3
                0x000000000000ec42        0xe /home/rene/tools/msp430-gcc/bin/../lib/gcc/msp430-elf/9.3.1/430/libgcc.a(lib2divSI.o)
                0x000000000000ec42                __mspabi_remul
 .text          0x000000000000ec50       0x10 /home/rene/tools/msp430-gcc/bin/../lib/gcc/msp430-elf/9.3.1/430/libgcc.a(epilogue.o)
                0x000000000000ec50                __mspabi_func_epilog_7
                0x000000000000ec52                __mspabi_func_epilog_6
                0x000000000000ec54                __mspabi_func_epilog_5
                0x000000000000ec56                __mspabi_func_epilog_4
                0x000000000000ec58                __mspabi_func_epilog_3
                0x000000000000ec5a                __mspabi_func_epilog_2
                0x000000000000ec5c                __mspabi_func_epilog_1
 .text.__mspabi_slli
                0x000000000000ec60        0xa /home/rene/tools/msp430-gcc/bin/../lib/gcc/msp430-elf/9.3.1/430/libgcc.a(slli.o)
                0x000000000000ec64                __mspabi_slli
 .text.__mspabi_srai_n
                0x000000000000ec6a       0x20 /home/rene/tools/msp430-gcc/bin/../lib/gcc/msp430-elf/9.3.1/430/libgcc.a(srai.o)
                0x000000000000ec6a                __mspabi_srai_15
                0x000000000000ec6c                __mspabi_srai_14
                0x000000000000ec6e                __mspabi_srai_13
                0x000000000000ec70                __mspabi_srai_12
                0x000000000000ec72                __mspabi_srai_11
                0x000000000000ec74                __mspabi_srai_10
                0x000000000000ec76                __mspabi_srai_9
                0x000000000000ec78                __mspabi_srai_8
                0x000000000000ec7a                __mspabi_srai_7
                0x000000000000ec7c                __mspabi_srai_6
                0x000000000000ec7e                __mspabi_srai_5
                0x000000000000ec80                __mspabi_srai_4
                0x000000000000ec82                __mspabi_srai_3
                0x000000000000ec84                __mspabi_srai_2
                0x000000000000ec86                __mspabi_srai_1
 .text.__mspabi_srai
                0x000000000000ec8a        0xa /home/rene/tools/msp430-gcc/bin/../lib/gcc/msp430-elf/9.3.1/430/libgcc.a(srai.o)
                0x000000000000ec8e                __mspabi_srai
 .text.__mspabi_sral
                0x000000000000ec94        0xc /home/rene/tools/msp430-gcc/bin/../lib/gcc/msp430-elf/9.3.1/430/libgcc.a(srai.o)
                0x000000000000ec9a                __mspabi_sral
 .text.__mspabi_srli_n
                0x000000000000eca0       0x3e /home/rene/tools/msp430-gcc/bin/../lib/gcc/msp430-elf/9.3.1/430/libgcc.a(srli.o)
                0x000000000000eca0                __mspabi_srli_15
                0x000000000000eca4                __mspabi_srli_14
                0x000000000000eca8                __mspabi_srli_13
                0x000000000000ecac                __mspabi_srli_12
                0x000000000000ecb0                __mspabi_srli_11
                0x000000000000ecb4                __mspabi_srli_10
                0x000000000000ecb8                __mspabi_srli_9
                0x000000000000ecbc                __mspabi_srli_8
                0x000000000000ecc0                __mspabi_srli_7
                0x000000000000ecc4                __mspabi_srli_6
                0x000000000000ecc8                __mspabi_srli_5
                0x000000000000eccc                __mspabi_srli_4
                0x000000000000ecd0                __mspabi_srli_3
                0x000000000000ecd4                __mspabi_srli_2
                0x000000000000ecd8                __mspabi_srli_1
 .text.__mspabi_srll_n
                0x000000000000ecde       0x5c /home/rene/tools/msp430-gcc/bin/../lib/gcc/msp430-elf/9.3.1/430/libgcc.a(srli.o)
                0x000000000000ecde                __mspabi_srll_15
                0x000000000000ece4                __mspabi_srll_14
                0x000000000000ecea                __mspabi_srll_13
                0x000000000000ecf0                __mspabi_srll_12
                0x000000000000ecf6                __mspabi_srll_11
                0x000000000000ecfc                __mspabi_srll_10
                0x000000000000ed02                __mspabi_srll_9
                0x000000000000ed08                __mspabi_srll_8
                0x000000000000ed0e                __mspabi_srll_7
                0x000000000000ed14                __mspabi_srll_6
                0x000000000000ed1a                __mspabi_srll_5
                0x000000000000ed20                __mspabi_srll_4
                0x000000000000ed26                __mspabi_srll_3
                0x000000000000ed2c                __mspabi_srll_2
                0x000000000000ed32                __mspabi_srll_1
 .text.__mulhi3
                0x000000000000ed3a       0x42 /home/rene/tools/msp430-gcc/bin/../lib/gcc/msp430-elf/9.3.1/430/libmul_none.a(mpy.o)
                0x000000000000ed3a                __mspabi_mpyi
 .text.memcpy   0x000000000000ed7c       0x12 /home/rene/tools/msp430-gcc/bin/../lib/gcc/msp430-elf/9.3.1/../../../../msp430-elf/lib/430/libc.a(lib_a-memcpy.o)
                0x000000000000ed7c                memcpy
 .text.memmove  0x000000000000ed8e       0x3c /home/rene/tools/msp430-gcc/bin/../lib/gcc/msp430-elf/9.3.1/../../../../msp430-elf/lib/430/libc.a(lib_a-memmove.o)
                0x000000000000ed8e                memmove
 .text.memset   0x000000000000edca       0x12 /home/rene/tools/msp430-gcc/bin/../lib/gcc/msp430-elf/9.3.1/../../../../msp430-elf/lib/430/libc.a(lib_a-memset.o)
                0x000000000000edca                memset
 *(.text.*personality*)
 *(.gnu.warning)
 *(.interp .hash .dynsym .dynstr .gnu.version*)
                [!provide]                        PROVIDE (__etext = .)
                [!provide]                        PROVIDE (_etext = .)
                [!provide]                        PROVIDE (etext = .)
                0x000000000000eddc                . = ALIGN (0x2)
 *(.init)
 *(.fini)
 *(.tm_clone_table)

.data           0x0000000000000200       0x1a load address 0x000000000000eddc
                0x0000000000000200                . = ALIGN (0x2)
                0x0000000000000200                PROVIDE (__datastart = .)
 *(.jcr)
 *(.data.rel.ro.local)
 *(.data.rel.ro*)
 *(.dynamic)
 *(.data .data.* .gnu.linkonce.d.*)
 .data          0x0000000000000200        0xa build/obj/drivers/vl53l0x.o
 .data          0x000000000000020a        0x8 build/obj/drivers/ir_remote_ta1.o
 .data          0x0000000000000212        0x8 build/obj/drivers/uart.o
 *(.gnu.linkonce.d.*personality*)
 *(.data1)
 *(.got.plt)
 *(.got)
                0x000000000000021a                . = ALIGN (0x2)
 *(.sdata .sdata.* .gnu.linkonce.s.* D_2 D_1)
                0x000000000000021a                . = ALIGN (0x2)
                0x000000000000021a                _edata = .
                [!provide]                        PROVIDE (edata = .)
                [!provide]                        PROVIDE (__dataend = .)
                0x000000000000eddc                PROVIDE (__romdatastart = LOADADDR (.data))
                0x000000000000001a                PROVIDE (__romdatacopysize = SIZEOF (.data))

.bss            0x000000000000021a       0xa2 load address 0x000000000000edf6
                0x000000000000021a                . = ALIGN (0x2)
                0x000000000000021a                PROVIDE (__bssstart = .)
 *(.dynbss)
 *(.sbss .sbss.*)
 *(.bss .bss.* .gnu.linkonce.b.*)
 .bss           0x000000000000021a        0x4 build/obj/drivers/vl53l0x.o
 .bss           0x000000000000021e       0x20 build/obj/drivers/io.o
 .bss           0x000000000000023e        0x8 build/obj/drivers/pwm_both_timers.o
                0x000000000000023e                is_chanel_enabled
 .bss           0x0000000000000246       0x66 build/obj/drivers/ir_remote_ta1.o
 .bss           0x00000000000002ac       0x10 build/obj/drivers/uart.o
                0x00000000000002bc                . = ALIGN (0x2)
 *(COMMON)
                [!provide]                        PROVIDE (__bssend = .)
                0x00000000000000a2                PROVIDE (__bsssize = SIZEOF (.bss))

.noinit         0x00000000000002bc        0x0 load address 0x000000000000edf6
                0x00000000000002bc                . = ALIGN (0x2)
                [!provide]                        PROVIDE (__noinit_start = .)
 *(.noinit)
                0x00000000000002bc                . = ALIGN (0x2)
                [!provide]                        PROVIDE (__noinit_end = .)
                0x00000000000002bc                end = .

.heap           0x00000000000002bc        0x4 load address 0x000000000000edf6
                0x00000000000002bc                . = ALIGN (0x2)
                0x00000000000002bc                __heap_start__ = .
                0x00000000000002bc                _end = __heap_start__
                [!provide]                        PROVIDE (end = .)
 *(.heap)
                0x00000000000002bc                _end = .
                [!provide]                        PROVIDE (end = .)
                0x00000000000002bc        0x4 LONG 0x0
                0x00000000000002c0                __heap_end__ = .
                0x00000000000002c0                __HeapLimit = __heap_end__

.stack          0x0000000000000400        0x0
                0x0000000000000400                PROVIDE (__stack = .)
 *(.stack)

.infoA

.infoB

.infoC

.infoD

.MSP430.attributes
                0x0000000000000000       0x17
 *(.MSP430.attributes)
 .MSP430.attributes
                0x0000000000000000       0x17 /home/rene/tools/msp430-gcc/bin/../lib/gcc/msp430-elf/9.3.1/../../../../msp430-elf/lib/430/crt0.o
 .MSP430.attributes
                0x0000000000000017       0x17 /home/rene/tools/msp430-gcc/bin/../lib/gcc/msp430-elf/9.3.1/430/crtbegin_no_eh.o
 .MSP430.attributes
                0x000000000000002e       0x17 build/obj/test/t_led_test.o
 .MSP430.attributes
                0x0000000000000045       0x17 build/obj/main.o
 .MSP430.attributes
                0x000000000000005c       0x17 build/obj/drivers/i2c.o
 .MSP430.attributes
                0x0000000000000073       0x17 build/obj/drivers/vl53l0x.o
 .MSP430.attributes
                0x000000000000008a       0x17 build/obj/drivers/io.o
 .MSP430.attributes
                0x00000000000000a1       0x17 build/obj/drivers/tb6612fng.o
 .MSP430.attributes
                0x00000000000000b8       0x17 build/obj/drivers/pwm_both_timers.o
 .MSP430.attributes
                0x00000000000000cf       0x17 build/obj/drivers/ir_remote_ta1.o
 .MSP430.attributes
                0x00000000000000e6       0x17 build/obj/drivers/ir_remote.o
 .MSP430.attributes
                0x00000000000000fd       0x17 build/obj/drivers/uart.o
 .MSP430.attributes
                0x0000000000000114       0x17 build/obj/drivers/pwm.o
 .MSP430.attributes
                0x000000000000012b       0x17 build/obj/drivers/mcu_init.o
 .MSP430.attributes
                0x0000000000000142       0x17 build/obj/common/ring_buffer.o
 .MSP430.attributes
                0x0000000000000159       0x17 build/obj/common/trace.o
 .MSP430.attributes
                0x0000000000000170       0x17 build/obj/common/assert_handler.o
 .MSP430.attributes
                0x0000000000000187       0x17 build/obj/app/enemy.o
 .MSP430.attributes
                0x000000000000019e       0x17 build/obj/app/drive.o
 .MSP430.attributes
                0x00000000000001b5       0x17 external/printf/printf.o
 .MSP430.attributes
                0x00000000000001cc       0x17 /home/rene/tools/msp430-gcc/bin/../lib/gcc/msp430-elf/9.3.1/430/libgcc.a(lib2divSI.o)
 .MSP430.attributes
                0x00000000000001e3       0x17 /home/rene/tools/msp430-gcc/bin/../lib/gcc/msp430-elf/9.3.1/430/libgcc.a(epilogue.o)
 .MSP430.attributes
                0x00000000000001fa       0x17 /home/rene/tools/msp430-gcc/bin/../lib/gcc/msp430-elf/9.3.1/430/libgcc.a(slli.o)
 .MSP430.attributes
                0x0000000000000211       0x17 /home/rene/tools/msp430-gcc/bin/../lib/gcc/msp430-elf/9.3.1/430/libgcc.a(srai.o)
 .MSP430.attributes
                0x0000000000000228       0x17 /home/rene/tools/msp430-gcc/bin/../lib/gcc/msp430-elf/9.3.1/430/libgcc.a(srli.o)
 .MSP430.attributes
                0x000000000000023f       0x17 /home/rene/tools/msp430-gcc/bin/../lib/gcc/msp430-elf/9.3.1/430/libgcc.a(_udivdi3.o)
 .MSP430.attributes
                0x0000000000000256       0x17 /home/rene/tools/msp430-gcc/bin/../lib/gcc/msp430-elf/9.3.1/430/libgcc.a(_clzdi2.o)
 .MSP430.attributes
                0x000000000000026d       0x17 /home/rene/tools/msp430-gcc/bin/../lib/gcc/msp430-elf/9.3.1/430/libgcc.a(_clz.o)
 .MSP430.attributes
                0x0000000000000284       0x17 /home/rene/tools/msp430-gcc/bin/../lib/gcc/msp430-elf/9.3.1/430/libmul_none.a(mpy.o)
 .MSP430.attributes
                0x000000000000029b       0x17 /home/rene/tools/msp430-gcc/bin/../lib/gcc/msp430-elf/9.3.1/../../../../msp430-elf/lib/430/libc.a(lib_a-memcpy.o)
 .MSP430.attributes
                0x00000000000002b2       0x17 /home/rene/tools/msp430-gcc/bin/../lib/gcc/msp430-elf/9.3.1/../../../../msp430-elf/lib/430/libcrt.a(crt_bss.o)
 .MSP430.attributes
                0x00000000000002c9       0x17 /home/rene/tools/msp430-gcc/bin/../lib/gcc/msp430-elf/9.3.1/../../../../msp430-elf/lib/430/libcrt.a(crt_movedata.o)
 .MSP430.attributes
                0x00000000000002e0       0x17 /home/rene/tools/msp430-gcc/bin/../lib/gcc/msp430-elf/9.3.1/../../../../msp430-elf/lib/430/libcrt.a(crt_main.o)
 .MSP430.attributes
                0x00000000000002f7       0x17 /home/rene/tools/msp430-gcc/bin/../lib/gcc/msp430-elf/9.3.1/../../../../msp430-elf/lib/430/libc.a(lib_a-memmove.o)
 .MSP430.attributes
                0x000000000000030e       0x17 /home/rene/tools/msp430-gcc/bin/../lib/gcc/msp430-elf/9.3.1/../../../../msp430-elf/lib/430/libc.a(lib_a-memset.o)
 .MSP430.attributes
                0x0000000000000325       0x17 /home/rene/tools/msp430-gcc/bin/../lib/gcc/msp430-elf/9.3.1/430/crtend_no_eh.o
 *(.gnu.attributes)
 *(__TI_build_attributes)

.stab
 *(.stab)

.stabstr
 *(.stabstr)

.stab.excl
 *(.stab.excl)

.stab.exclstr
 *(.stab.exclstr)

.stab.index
 *(.stab.index)

.stab.indexstr
 *(.stab.indexstr)

.comment        0x0000000000000000       0x39
 *(.comment)
 .comment       0x0000000000000000       0x39 build/obj/main.o
                                         0x3a (size before relaxing)
 .comment       0x0000000000000039       0x3a build/obj/drivers/i2c.o
 .comment       0x0000000000000039       0x3a build/obj/drivers/vl53l0x.o
 .comment       0x0000000000000039       0x3a build/obj/drivers/io.o
 .comment       0x0000000000000039       0x3a build/obj/drivers/tb6612fng.o
 .comment       0x0000000000000039       0x3a build/obj/drivers/pwm_both_timers.o
 .comment       0x0000000000000039       0x3a build/obj/drivers/ir_remote_ta1.o
 .comment       0x0000000000000039       0x3a build/obj/drivers/uart.o
 .comment       0x0000000000000039       0x3a build/obj/drivers/mcu_init.o
 .comment       0x0000000000000039       0x3a build/obj/common/ring_buffer.o
 .comment       0x0000000000000039       0x3a build/obj/common/trace.o
 .comment       0x0000000000000039       0x3a build/obj/app/drive.o
 .comment       0x0000000000000039       0x3a external/printf/printf.o
 .comment       0x0000000000000039       0x3a /home/rene/tools/msp430-gcc/bin/../lib/gcc/msp430-elf/9.3.1/430/libgcc.a(lib2divSI.o)
 .comment       0x0000000000000039       0x3a /home/rene/tools/msp430-gcc/bin/../lib/gcc/msp430-elf/9.3.1/430/libgcc.a(_udivdi3.o)
 .comment       0x0000000000000039       0x3a /home/rene/tools/msp430-gcc/bin/../lib/gcc/msp430-elf/9.3.1/430/libmul_none.a(mpy.o)
 .comment       0x0000000000000039       0x3a /home/rene/tools/msp430-gcc/bin/../lib/gcc/msp430-elf/9.3.1/../../../../msp430-elf/lib/430/libc.a(lib_a-memcpy.o)
 .comment       0x0000000000000039       0x3a /home/rene/tools/msp430-gcc/bin/../lib/gcc/msp430-elf/9.3.1/../../../../msp430-elf/lib/430/libc.a(lib_a-memmove.o)
 .comment       0x0000000000000039       0x3a /home/rene/tools/msp430-gcc/bin/../lib/gcc/msp430-elf/9.3.1/../../../../msp430-elf/lib/430/libc.a(lib_a-memset.o)

.debug
 *(.debug)

.line
 *(.line)

.debug_srcinfo
 *(.debug_srcinfo)

.debug_sfnames
 *(.debug_sfnames)

.debug_aranges  0x0000000000000000      0x1a0
 *(.debug_aranges)
 .debug_aranges
                0x0000000000000000       0x20 build/obj/main.o
 .debug_aranges
                0x0000000000000020       0x20 build/obj/drivers/i2c.o
 .debug_aranges
                0x0000000000000040       0x20 build/obj/drivers/vl53l0x.o
 .debug_aranges
                0x0000000000000060       0x20 build/obj/drivers/io.o
 .debug_aranges
                0x0000000000000080       0x20 build/obj/drivers/tb6612fng.o
 .debug_aranges
                0x00000000000000a0       0x20 build/obj/drivers/pwm_both_timers.o
 .debug_aranges
                0x00000000000000c0       0x20 build/obj/drivers/ir_remote_ta1.o
 .debug_aranges
                0x00000000000000e0       0x20 build/obj/drivers/uart.o
 .debug_aranges
                0x0000000000000100       0x20 build/obj/drivers/mcu_init.o
 .debug_aranges
                0x0000000000000120       0x20 build/obj/common/ring_buffer.o
 .debug_aranges
                0x0000000000000140       0x20 build/obj/common/trace.o
 .debug_aranges
                0x0000000000000160       0x20 build/obj/app/drive.o
 .debug_aranges
                0x0000000000000180       0x20 external/printf/printf.o

.debug_pubnames
 *(.debug_pubnames)

.debug_info     0x0000000000000000     0x84be
 *(.debug_info .gnu.linkonce.wi.*)
 .debug_info    0x0000000000000000      0xd7d build/obj/main.o
 .debug_info    0x0000000000000d7d      0xbea build/obj/drivers/i2c.o
 .debug_info    0x0000000000001967     0x13bb build/obj/drivers/vl53l0x.o
 .debug_info    0x0000000000002d22     0x11c5 build/obj/drivers/io.o
 .debug_info    0x0000000000003ee7      0x3cd build/obj/drivers/tb6612fng.o
 .debug_info    0x00000000000042b4      0x8e6 build/obj/drivers/pwm_both_timers.o
 .debug_info    0x0000000000004b9a      0xa8f build/obj/drivers/ir_remote_ta1.o
 .debug_info    0x0000000000005629      0x924 build/obj/drivers/uart.o
 .debug_info    0x0000000000005f4d      0x5c5 build/obj/drivers/mcu_init.o
 .debug_info    0x0000000000006512      0xba8 build/obj/common/ring_buffer.o
 .debug_info    0x00000000000070ba      0x100 build/obj/common/trace.o
 .debug_info    0x00000000000071ba      0x3ac build/obj/app/drive.o
 .debug_info    0x0000000000007566      0xf58 external/printf/printf.o

.debug_abbrev   0x0000000000000000     0x18f6
 *(.debug_abbrev)
 .debug_abbrev  0x0000000000000000      0x1a5 build/obj/main.o
 .debug_abbrev  0x00000000000001a5      0x1f3 build/obj/drivers/i2c.o
 .debug_abbrev  0x0000000000000398      0x2a3 build/obj/drivers/vl53l0x.o
 .debug_abbrev  0x000000000000063b      0x383 build/obj/drivers/io.o
 .debug_abbrev  0x00000000000009be      0x11a build/obj/drivers/tb6612fng.o
 .debug_abbrev  0x0000000000000ad8      0x1e4 build/obj/drivers/pwm_both_timers.o
 .debug_abbrev  0x0000000000000cbc      0x23d build/obj/drivers/ir_remote_ta1.o
 .debug_abbrev  0x0000000000000ef9      0x209 build/obj/drivers/uart.o
 .debug_abbrev  0x0000000000001102       0xdc build/obj/drivers/mcu_init.o
 .debug_abbrev  0x00000000000011de      0x1e0 build/obj/common/ring_buffer.o
 .debug_abbrev  0x00000000000013be       0xca build/obj/common/trace.o
 .debug_abbrev  0x0000000000001488      0x161 build/obj/app/drive.o
 .debug_abbrev  0x00000000000015e9      0x30d external/printf/printf.o

.debug_line     0x0000000000000000     0x5878
 *(.debug_line .debug_line.* .debug_line_end)
 .debug_line    0x0000000000000000      0x53b build/obj/main.o
 .debug_line    0x000000000000053b      0x88c build/obj/drivers/i2c.o
 .debug_line    0x0000000000000dc7     0x1422 build/obj/drivers/vl53l0x.o
 .debug_line    0x00000000000021e9      0x9ad build/obj/drivers/io.o
 .debug_line    0x0000000000002b96      0x123 build/obj/drivers/tb6612fng.o
 .debug_line    0x0000000000002cb9      0x3f4 build/obj/drivers/pwm_both_timers.o
 .debug_line    0x00000000000030ad      0x6c3 build/obj/drivers/ir_remote_ta1.o
 .debug_line    0x0000000000003770      0x491 build/obj/drivers/uart.o
 .debug_line    0x0000000000003c01      0x16e build/obj/drivers/mcu_init.o
 .debug_line    0x0000000000003d6f      0x43e build/obj/common/ring_buffer.o
 .debug_line    0x00000000000041ad       0xf9 build/obj/common/trace.o
 .debug_line    0x00000000000042a6      0x19f build/obj/app/drive.o
 .debug_line    0x0000000000004445     0x1433 external/printf/printf.o

.debug_frame    0x0000000000000000     0x1428
 *(.debug_frame)
 .debug_frame   0x0000000000000000       0xe0 build/obj/main.o
 .debug_frame   0x00000000000000e0      0x1bc build/obj/drivers/i2c.o
 .debug_frame   0x000000000000029c      0x3ec build/obj/drivers/vl53l0x.o
 .debug_frame   0x0000000000000688      0x464 build/obj/drivers/io.o
 .debug_frame   0x0000000000000aec       0x64 build/obj/drivers/tb6612fng.o
 .debug_frame   0x0000000000000b50       0xf8 build/obj/drivers/pwm_both_timers.o
 .debug_frame   0x0000000000000c48      0x11c build/obj/drivers/ir_remote_ta1.o
 .debug_frame   0x0000000000000d64      0x174 build/obj/drivers/uart.o
 .debug_frame   0x0000000000000ed8       0x34 build/obj/drivers/mcu_init.o
 .debug_frame   0x0000000000000f0c      0x14c build/obj/common/ring_buffer.o
 .debug_frame   0x0000000000001058       0x34 build/obj/common/trace.o
 .debug_frame   0x000000000000108c       0x84 build/obj/app/drive.o
 .debug_frame   0x0000000000001110      0x318 external/printf/printf.o

.debug_str      0x0000000000000000     0x2066
 *(.debug_str)
 .debug_str     0x0000000000000000      0xa3c build/obj/main.o
                                        0xa8e (size before relaxing)
 .debug_str     0x0000000000000a3c      0x14e build/obj/drivers/i2c.o
                                        0x6ad (size before relaxing)
 .debug_str     0x0000000000000b8a      0x667 build/obj/drivers/vl53l0x.o
                                        0xb99 (size before relaxing)
 .debug_str     0x00000000000011f1      0x319 build/obj/drivers/io.o
                                        0x9cb (size before relaxing)
 .debug_str     0x000000000000150a      0x1b2 build/obj/drivers/tb6612fng.o
                                        0x490 (size before relaxing)
 .debug_str     0x00000000000016bc       0xea build/obj/drivers/pwm_both_timers.o
                                        0x7e2 (size before relaxing)
 .debug_str     0x00000000000017a6      0x163 build/obj/drivers/ir_remote_ta1.o
                                        0x780 (size before relaxing)
 .debug_str     0x0000000000001909      0x126 build/obj/drivers/uart.o
                                        0x63e (size before relaxing)
 .debug_str     0x0000000000001a2f       0x32 build/obj/drivers/mcu_init.o
                                        0x4a0 (size before relaxing)
 .debug_str     0x0000000000001a61      0x411 build/obj/common/ring_buffer.o
                                        0x68a (size before relaxing)
 .debug_str     0x0000000000001e72       0x3d build/obj/common/trace.o
                                        0x157 (size before relaxing)
 .debug_str     0x0000000000001eaf       0x95 build/obj/app/drive.o
                                        0x495 (size before relaxing)
 .debug_str     0x0000000000001f44      0x122 external/printf/printf.o
                                        0x2fa (size before relaxing)

.debug_loc      0x0000000000000000     0x2a42
 *(.debug_loc)
 .debug_loc     0x0000000000000000       0x72 build/obj/main.o
 .debug_loc     0x0000000000000072      0x548 build/obj/drivers/i2c.o
 .debug_loc     0x00000000000005ba      0x731 build/obj/drivers/vl53l0x.o
 .debug_loc     0x0000000000000ceb      0x69e build/obj/drivers/io.o
 .debug_loc     0x0000000000001389      0x11a build/obj/drivers/tb6612fng.o
 .debug_loc     0x00000000000014a3       0xb2 build/obj/drivers/pwm_both_timers.o
 .debug_loc     0x0000000000001555      0x113 build/obj/drivers/ir_remote_ta1.o
 .debug_loc     0x0000000000001668       0xdb build/obj/drivers/uart.o
 .debug_loc     0x0000000000001743      0x207 build/obj/common/ring_buffer.o
 .debug_loc     0x000000000000194a       0x20 build/obj/common/trace.o
 .debug_loc     0x000000000000196a      0x15b build/obj/app/drive.o
 .debug_loc     0x0000000000001ac5      0xf7d external/printf/printf.o

.debug_macinfo
 *(.debug_macinfo)

.debug_weaknames
 *(.debug_weaknames)

.debug_funcnames
 *(.debug_funcnames)

.debug_typenames
 *(.debug_typenames)

.debug_varnames
 *(.debug_varnames)

.debug_pubtypes
 *(.debug_pubtypes)

.debug_ranges   0x0000000000000000      0x188
 *(.debug_ranges)
 .debug_ranges  0x0000000000000000       0x48 build/obj/main.o
 .debug_ranges  0x0000000000000048       0x18 build/obj/drivers/i2c.o
 .debug_ranges  0x0000000000000060       0x78 build/obj/drivers/vl53l0x.o
 .debug_ranges  0x00000000000000d8       0x30 build/obj/drivers/ir_remote_ta1.o
 .debug_ranges  0x0000000000000108       0x18 build/obj/app/drive.o
 .debug_ranges  0x0000000000000120       0x68 external/printf/printf.o

.debug_macro
 *(.debug_macro)

/DISCARD/
 *(.note.GNU-stack)
                [!provide]                        PROVIDE (IE1 = 0x0)
                [!provide]                        PROVIDE (IFG1 = 0x2)
                0x0000000000000001                PROVIDE (IE2 = 0x1)
                0x0000000000000003                PROVIDE (IFG2 = 0x3)
                [!provide]                        PROVIDE (ADC10DTC0 = 0x48)
                [!provide]                        PROVIDE (ADC10DTC1 = 0x49)
                [!provide]                        PROVIDE (ADC10AE0 = 0x4a)
                [!provide]                        PROVIDE (ADC10CTL0 = 0x1b0)
                [!provide]                        PROVIDE (ADC10CTL1 = 0x1b2)
                [!provide]                        PROVIDE (ADC10MEM = 0x1b4)
                [!provide]                        PROVIDE (ADC10SA = 0x1bc)
                0x0000000000000056                PROVIDE (DCOCTL = 0x56)
                0x0000000000000057                PROVIDE (BCSCTL1 = 0x57)
                0x0000000000000058                PROVIDE (BCSCTL2 = 0x58)
                0x0000000000000053                PROVIDE (BCSCTL3 = 0x53)
                [!provide]                        PROVIDE (CACTL1 = 0x59)
                [!provide]                        PROVIDE (CACTL2 = 0x5a)
                [!provide]                        PROVIDE (CAPD = 0x5b)
                [!provide]                        PROVIDE (FCTL1 = 0x128)
                [!provide]                        PROVIDE (FCTL2 = 0x12a)
                [!provide]                        PROVIDE (FCTL3 = 0x12c)
                [!provide]                        PROVIDE (P1IN = 0x20)
                0x0000000000000021                PROVIDE (P1OUT = 0x21)
                0x0000000000000022                PROVIDE (P1DIR = 0x22)
                0x0000000000000023                PROVIDE (P1IFG = 0x23)
                0x0000000000000024                PROVIDE (P1IES = 0x24)
                0x0000000000000025                PROVIDE (P1IE = 0x25)
                0x0000000000000026                PROVIDE (P1SEL = 0x26)
                0x0000000000000041                PROVIDE (P1SEL2 = 0x41)
                0x0000000000000027                PROVIDE (P1REN = 0x27)
                [!provide]                        PROVIDE (P2IN = 0x28)
                0x0000000000000029                PROVIDE (P2OUT = 0x29)
                0x000000000000002a                PROVIDE (P2DIR = 0x2a)
                0x000000000000002b                PROVIDE (P2IFG = 0x2b)
                0x000000000000002c                PROVIDE (P2IES = 0x2c)
                0x000000000000002d                PROVIDE (P2IE = 0x2d)
                0x000000000000002e                PROVIDE (P2SEL = 0x2e)
                0x0000000000000042                PROVIDE (P2SEL2 = 0x42)
                0x000000000000002f                PROVIDE (P2REN = 0x2f)
                [!provide]                        PROVIDE (P3IN = 0x18)
                0x0000000000000019                PROVIDE (P3OUT = 0x19)
                0x000000000000001a                PROVIDE (P3DIR = 0x1a)
                0x000000000000001b                PROVIDE (P3SEL = 0x1b)
                0x0000000000000043                PROVIDE (P3SEL2 = 0x43)
                0x0000000000000010                PROVIDE (P3REN = 0x10)
                [!provide]                        PROVIDE (TA0IV = 0x12e)
                0x0000000000000160                PROVIDE (TA0CTL = 0x160)
                [!provide]                        PROVIDE (TA0CCTL0 = 0x162)
                0x0000000000000164                PROVIDE (TA0CCTL1 = 0x164)
                0x0000000000000166                PROVIDE (TA0CCTL2 = 0x166)
                [!provide]                        PROVIDE (TA0R = 0x170)
                0x0000000000000172                PROVIDE (TA0CCR0 = 0x172)
                0x0000000000000174                PROVIDE (TA0CCR1 = 0x174)
                0x0000000000000176                PROVIDE (TA0CCR2 = 0x176)
                0x000000000000011e                PROVIDE (TA1IV = 0x11e)
                0x0000000000000180                PROVIDE (TA1CTL = 0x180)
                0x0000000000000182                PROVIDE (TA1CCTL0 = 0x182)
                [!provide]                        PROVIDE (TA1CCTL1 = 0x184)
                0x0000000000000186                PROVIDE (TA1CCTL2 = 0x186)
                0x0000000000000190                PROVIDE (TA1R = 0x190)
                0x0000000000000192                PROVIDE (TA1CCR0 = 0x192)
                [!provide]                        PROVIDE (TA1CCR1 = 0x194)
                0x0000000000000196                PROVIDE (TA1CCR2 = 0x196)
                0x0000000000000060                PROVIDE (UCA0CTL0 = 0x60)
                0x0000000000000061                PROVIDE (UCA0CTL1 = 0x61)
                0x0000000000000062                PROVIDE (UCA0BR0 = 0x62)
                0x0000000000000063                PROVIDE (UCA0BR1 = 0x63)
                0x0000000000000064                PROVIDE (UCA0MCTL = 0x64)
                [!provide]                        PROVIDE (UCA0STAT = 0x65)
                [!provide]                        PROVIDE (UCA0RXBUF = 0x66)
                0x0000000000000067                PROVIDE (UCA0TXBUF = 0x67)
                [!provide]                        PROVIDE (UCA0ABCTL = 0x5d)
                [!provide]                        PROVIDE (UCA0IRTCTL = 0x5e)
                [!provide]                        PROVIDE (UCA0IRRCTL = 0x5f)
                0x0000000000000068                PROVIDE (UCB0CTL0 = 0x68)
                0x0000000000000069                PROVIDE (UCB0CTL1 = 0x69)
                0x000000000000006a                PROVIDE (UCB0BR0 = 0x6a)
                0x000000000000006b                PROVIDE (UCB0BR1 = 0x6b)
                [!provide]                        PROVIDE (UCB0I2CIE = 0x6c)
                0x000000000000006d                PROVIDE (UCB0STAT = 0x6d)
                0x000000000000006e                PROVIDE (UCB0RXBUF = 0x6e)
                0x000000000000006f                PROVIDE (UCB0TXBUF = 0x6f)
                [!provide]                        PROVIDE (UCB0I2COA = 0x118)
                0x000000000000011a                PROVIDE (UCB0I2CSA = 0x11a)
                0x0000000000000120                PROVIDE (WDTCTL = 0x120)
                0x00000000000010f8                PROVIDE (CALDCO_16MHZ = 0x10f8)
                0x00000000000010f9                PROVIDE (CALBC1_16MHZ = 0x10f9)
                [!provide]                        PROVIDE (CALDCO_12MHZ = 0x10fa)
                [!provide]                        PROVIDE (CALBC1_12MHZ = 0x10fb)
                [!provide]                        PROVIDE (CALDCO_8MHZ = 0x10fc)
                [!provide]                        PROVIDE (CALBC1_8MHZ = 0x10fd)
                [!provide]                        PROVIDE (CALDCO_1MHZ = 0x10fe)
                [!provide]                        PROVIDE (CALBC1_1MHZ = 0x10ff)
                [!provide]                        PROVIDE (TLV_CHECKSUM = 0x10c0)
                [!provide]                        PROVIDE (TLV_DCO_30_TAG = 0x10f6)
                [!provide]                        PROVIDE (TLV_DCO_30_LEN = 0x10f7)
                [!provide]                        PROVIDE (TLV_ADC10_1_TAG = 0x10da)
                [!provide]                        PROVIDE (TLV_ADC10_1_LEN = 0x10db)
LOAD /home/rene/tools/msp430-gcc/bin/../lib/gcc/msp430-elf/9.3.1/430/libgcc.a
LOAD /home/rene/tools/msp430-gcc/bin/../lib/gcc/msp430-elf/9.3.1/430/crtend_no_eh.o
LOAD /home/rene/tools/msp430-gcc/bin/../lib/gcc/msp430-elf/9.3.1/430/libgcc.a
OUTPUT(build/bin/robo_sumo elf32-msp430)
